Archive member included to satisfy reference by file (symbol)

c:/program files (x86)/atmel/studio/7.0/toolchain/arm/arm-gnu-toolchain/bin/../lib/gcc/arm-none-eabi/5.3.1/../../../../arm-none-eabi/lib/armv7e-m\libc.a(lib_a-exit.o)
                              c:/program files (x86)/atmel/studio/7.0/toolchain/arm/arm-gnu-toolchain/bin/../lib/gcc/arm-none-eabi/5.3.1/../../../../arm-none-eabi/lib/armv7e-m/crt0.o (exit)
c:/program files (x86)/atmel/studio/7.0/toolchain/arm/arm-gnu-toolchain/bin/../lib/gcc/arm-none-eabi/5.3.1/../../../../arm-none-eabi/lib/armv7e-m\libc.a(lib_a-impure.o)
                              c:/program files (x86)/atmel/studio/7.0/toolchain/arm/arm-gnu-toolchain/bin/../lib/gcc/arm-none-eabi/5.3.1/../../../../arm-none-eabi/lib/armv7e-m\libc.a(lib_a-exit.o) (_global_impure_ptr)
c:/program files (x86)/atmel/studio/7.0/toolchain/arm/arm-gnu-toolchain/bin/../lib/gcc/arm-none-eabi/5.3.1/../../../../arm-none-eabi/lib/armv7e-m\libc.a(lib_a-init.o)
                              c:/program files (x86)/atmel/studio/7.0/toolchain/arm/arm-gnu-toolchain/bin/../lib/gcc/arm-none-eabi/5.3.1/../../../../arm-none-eabi/lib/armv7e-m/crt0.o (__libc_init_array)
c:/program files (x86)/atmel/studio/7.0/toolchain/arm/arm-gnu-toolchain/bin/../lib/gcc/arm-none-eabi/5.3.1/../../../../arm-none-eabi/lib/armv7e-m\libc.a(lib_a-iprintf.o)
                              src/ASF/sam/utils/syscalls/gcc/syscalls.o (iprintf)
c:/program files (x86)/atmel/studio/7.0/toolchain/arm/arm-gnu-toolchain/bin/../lib/gcc/arm-none-eabi/5.3.1/../../../../arm-none-eabi/lib/armv7e-m\libc.a(lib_a-memcpy.o)
                              src/ASF/thirdparty/freertos/freertos-8.2.3/Source/queue.o (memcpy)
c:/program files (x86)/atmel/studio/7.0/toolchain/arm/arm-gnu-toolchain/bin/../lib/gcc/arm-none-eabi/5.3.1/../../../../arm-none-eabi/lib/armv7e-m\libc.a(lib_a-memset.o)
                              c:/program files (x86)/atmel/studio/7.0/toolchain/arm/arm-gnu-toolchain/bin/../lib/gcc/arm-none-eabi/5.3.1/../../../../arm-none-eabi/lib/armv7e-m/crt0.o (memset)
c:/program files (x86)/atmel/studio/7.0/toolchain/arm/arm-gnu-toolchain/bin/../lib/gcc/arm-none-eabi/5.3.1/../../../../arm-none-eabi/lib/armv7e-m\libc.a(lib_a-sprintf.o)
                              src/ASF/thirdparty/freertos/freertos-8.2.3/Source/tasks.o (sprintf)
c:/program files (x86)/atmel/studio/7.0/toolchain/arm/arm-gnu-toolchain/bin/../lib/gcc/arm-none-eabi/5.3.1/../../../../arm-none-eabi/lib/armv7e-m\libc.a(lib_a-strcpy.o)
                              src/ASF/thirdparty/freertos/freertos-8.2.3/Source/tasks.o (strcpy)
c:/program files (x86)/atmel/studio/7.0/toolchain/arm/arm-gnu-toolchain/bin/../lib/gcc/arm-none-eabi/5.3.1/../../../../arm-none-eabi/lib/armv7e-m\libc.a(lib_a-strlen.o)
                              src/ASF/thirdparty/freertos/freertos-8.2.3/Source/tasks.o (strlen)
c:/program files (x86)/atmel/studio/7.0/toolchain/arm/arm-gnu-toolchain/bin/../lib/gcc/arm-none-eabi/5.3.1/../../../../arm-none-eabi/lib/armv7e-m\libc.a(lib_a-svfprintf.o)
                              c:/program files (x86)/atmel/studio/7.0/toolchain/arm/arm-gnu-toolchain/bin/../lib/gcc/arm-none-eabi/5.3.1/../../../../arm-none-eabi/lib/armv7e-m\libc.a(lib_a-sprintf.o) (_svfprintf_r)
c:/program files (x86)/atmel/studio/7.0/toolchain/arm/arm-gnu-toolchain/bin/../lib/gcc/arm-none-eabi/5.3.1/../../../../arm-none-eabi/lib/armv7e-m\libc.a(lib_a-vfiprintf.o)
                              c:/program files (x86)/atmel/studio/7.0/toolchain/arm/arm-gnu-toolchain/bin/../lib/gcc/arm-none-eabi/5.3.1/../../../../arm-none-eabi/lib/armv7e-m\libc.a(lib_a-iprintf.o) (_vfiprintf_r)
c:/program files (x86)/atmel/studio/7.0/toolchain/arm/arm-gnu-toolchain/bin/../lib/gcc/arm-none-eabi/5.3.1/../../../../arm-none-eabi/lib/armv7e-m\libc.a(lib_a-wsetup.o)
                              c:/program files (x86)/atmel/studio/7.0/toolchain/arm/arm-gnu-toolchain/bin/../lib/gcc/arm-none-eabi/5.3.1/../../../../arm-none-eabi/lib/armv7e-m\libc.a(lib_a-vfiprintf.o) (__swsetup_r)
c:/program files (x86)/atmel/studio/7.0/toolchain/arm/arm-gnu-toolchain/bin/../lib/gcc/arm-none-eabi/5.3.1/../../../../arm-none-eabi/lib/armv7e-m\libc.a(lib_a-__call_atexit.o)
                              c:/program files (x86)/atmel/studio/7.0/toolchain/arm/arm-gnu-toolchain/bin/../lib/gcc/arm-none-eabi/5.3.1/../../../../arm-none-eabi/lib/armv7e-m\libc.a(lib_a-exit.o) (__call_exitprocs)
c:/program files (x86)/atmel/studio/7.0/toolchain/arm/arm-gnu-toolchain/bin/../lib/gcc/arm-none-eabi/5.3.1/../../../../arm-none-eabi/lib/armv7e-m\libc.a(lib_a-atexit.o)
                              c:/program files (x86)/atmel/studio/7.0/toolchain/arm/arm-gnu-toolchain/bin/../lib/gcc/arm-none-eabi/5.3.1/../../../../arm-none-eabi/lib/armv7e-m\libc.a(lib_a-__call_atexit.o) (atexit)
c:/program files (x86)/atmel/studio/7.0/toolchain/arm/arm-gnu-toolchain/bin/../lib/gcc/arm-none-eabi/5.3.1/../../../../arm-none-eabi/lib/armv7e-m\libc.a(lib_a-dtoa.o)
[...]
Memory Configuration

Name             Origin             Length             Attributes
rom              0x00400000         0x00100000         xr
ram              0x20400000         0x00060000         xrw
*default*        0x00000000         0xffffffff

Linker script and memory map

LOAD c:/program files (x86)/atmel/studio/7.0/toolchain/arm/arm-gnu-toolchain/bin/../lib/gcc/arm-none-eabi/5.3.1/armv7e-m/crti.o
LOAD c:/program files (x86)/atmel/studio/7.0/toolchain/arm/arm-gnu-toolchain/bin/../lib/gcc/arm-none-eabi/5.3.1/armv7e-m/crtbegin.o
LOAD c:/program files (x86)/atmel/studio/7.0/toolchain/arm/arm-gnu-toolchain/bin/../lib/gcc/arm-none-eabi/5.3.1/../../../../arm-none-eabi/lib/armv7e-m/crt0.o
LOAD src/ASF/common/services/sleepmgr/sam/sleepmgr.o
LOAD src/ASF/sam/drivers/hsmci/hsmci.o
LOAD src/ASF/sam/drivers/pio/pio_handler.o
LOAD src/ASF/sam/drivers/spi/spi.o
LOAD src/ASF/sam/drivers/supc/supc.o
LOAD src/ASF/sam/drivers/usart/usart.o
LOAD src/ASF/sam/drivers/wdt/wdt.o
LOAD src/ASF/thirdparty/freertos/freertos-8.2.3/Source/croutine.o
LOAD src/ASF/thirdparty/freertos/freertos-8.2.3/Source/event_groups.o
LOAD src/ASF/thirdparty/freertos/freertos-8.2.3/Source/portable/GCC/ARM_CM7/r0p1/port.o
LOAD src/ASF/thirdparty/freertos/freertos-8.2.3/Source/portable/MemMang/heap_1.o
LOAD src/ASF/thirdparty/freertos/freertos-8.2.3/Source/list.o
LOAD src/ASF/thirdparty/freertos/freertos-8.2.3/Source/queue.o
LOAD src/ASF/thirdparty/freertos/freertos-8.2.3/Source/tasks.o
LOAD src/ASF/thirdparty/freertos/freertos-8.2.3/Source/timers.o
LOAD src/ASF/common/services/delay/sam/cycle_counter.o
LOAD src/ASF/common/services/clock/sams70/sysclk.o
LOAD src/ASF/sam/drivers/afec/afec.o
LOAD src/ASF/sam/drivers/pio/pio.o
LOAD src/ASF/sam/drivers/pmc/pmc.o
LOAD src/ASF/sam/drivers/twihs/twihs.o
LOAD src/ASF/sam/drivers/uart/uart.o
LOAD src/ASF/sam/drivers/xdmac/xdmac.o
LOAD src/ASF/sam/drivers/pmc/sleep.o
LOAD src/ASF/common/boards/user_board/init.o
LOAD src/ASF/common/utils/interrupt/interrupt_sam_nvic.o
LOAD src/ASF/sam/utils/cmsis/sams70/source/templates/gcc/startup_sams70.o
LOAD src/ASF/sam/utils/cmsis/sams70/source/templates/system_sams70.o
LOAD src/ASF/sam/utils/syscalls/gcc/syscalls.o
LOAD src/main.o
START GROUP
LOAD ../src/ASF/thirdparty/CMSIS/Lib/GCC\libarm_cortexM7lfsp_math_softfp.a
LOAD c:/program files (x86)/atmel/studio/7.0/toolchain/arm/arm-gnu-toolchain/bin/../lib/gcc/arm-none-eabi/5.3.1/../../../../arm-none-eabi/lib/armv7e-m\libm.a
END GROUP
START GROUP
LOAD c:/program files (x86)/atmel/studio/7.0/toolchain/arm/arm-gnu-toolchain/bin/../lib/gcc/arm-none-eabi/5.3.1/armv7e-m\libgcc.a
LOAD c:/program files (x86)/atmel/studio/7.0/toolchain/arm/arm-gnu-toolchain/bin/../lib/gcc/arm-none-eabi/5.3.1/../../../../arm-none-eabi/lib/armv7e-m\libc.a
END GROUP
LOAD c:/program files (x86)/atmel/studio/7.0/toolchain/arm/arm-gnu-toolchain/bin/../lib/gcc/arm-none-eabi/5.3.1/armv7e-m/crtend.o
LOAD c:/program files (x86)/atmel/studio/7.0/toolchain/arm/arm-gnu-toolchain/bin/../lib/gcc/arm-none-eabi/5.3.1/armv7e-m/crtn.o
                0x00002000                STACK_SIZE = DEFINED (STACK_SIZE)?STACK_SIZE:0x2000
                0x2045fffc                __ram_end__ = ((ORIGIN (ram) + LENGTH (ram)) - 0x4)
                0x00000200                HEAP_SIZE = DEFINED (HEAP_SIZE)?HEAP_SIZE:0x200

.text           0x00400000     0x2790
                0x00400000                . = ALIGN (0x4)
                0x00400000                _sfixed = .
 *(.vectors .vectors.*)
 .vectors       0x00400000      0x140 src/ASF/sam/utils/cmsis/sams70/source/templates/gcc/startup_sams70.o
                0x00400000                exception_table
 *(.text .text.* .gnu.linkonce.t.*)
 .text          0x00400140       0x5c c:/program files (x86)/atmel/studio/7.0/toolchain/arm/arm-gnu-toolchain/bin/../lib/gcc/arm-none-eabi/5.3.1/armv7e-m/crtbegin.o
 .text.pio_handler_process
                0x0040019c       0x50 src/ASF/sam/drivers/pio/pio_handler.o
                0x0040019c                pio_handler_process
 .text.PIOA_Handler
                0x004001ec       0x14 src/ASF/sam/drivers/pio/pio_handler.o
                0x004001ec                PIOA_Handler
 .text.PIOB_Handler
                0x00400200       0x14 src/ASF/sam/drivers/pio/pio_handler.o
                0x00400200                PIOB_Handler
 .text.PIOD_Handler
                0x00400214       0x14 src/ASF/sam/drivers/pio/pio_handler.o
                0x00400214                PIOD_Handler
 .text.supc_switch_sclk_to_32kxtal
                0x00400228       0x2c src/ASF/sam/drivers/supc/supc.o
                0x00400228                supc_switch_sclk_to_32kxtal
 .text.wdt_disable
                0x00400254        0x8 src/ASF/sam/drivers/wdt/wdt.o
                0x00400254                wdt_disable
 .text.prvTaskExitError
                0x0040025c       0x3c src/ASF/thirdparty/freertos/freertos-8.2.3/Source/portable/GCC/ARM_CM7/r0p1/port.o
 .text.prvPortStartFirstTask
                0x00400298       0x20 src/ASF/thirdparty/freertos/freertos-8.2.3/Source/portable/GCC/ARM_CM7/r0p1/port.o
 .text.vPortEnableVFP
                0x004002b8       0x14 src/ASF/thirdparty/freertos/freertos-8.2.3/Source/portable/GCC/ARM_CM7/r0p1/port.o
 .text.pxPortInitialiseStack
                0x004002cc       0x28 src/ASF/thirdparty/freertos/freertos-8.2.3/Source/portable/GCC/ARM_CM7/r0p1/port.o
                0x004002cc                pxPortInitialiseStack
 .text.SVC_Handler
                0x004002f4       0x24 src/ASF/thirdparty/freertos/freertos-8.2.3/Source/portable/GCC/ARM_CM7/r0p1/port.o
                0x004002f4                SVC_Handler
 .text.vPortEnterCritical
                0x00400318       0x4c src/ASF/thirdparty/freertos/freertos-8.2.3/Source/portable/GCC/ARM_CM7/r0p1/port.o
                0x00400318                vPortEnterCritical
 .text.vPortExitCritical
                0x00400364       0x30 src/ASF/thirdparty/freertos/freertos-8.2.3/Source/portable/GCC/ARM_CM7/r0p1/port.o
                0x00400364                vPortExitCritical
 .text.PendSV_Handler
                0x00400394       0x68 src/ASF/thirdparty/freertos/freertos-8.2.3/Source/portable/GCC/ARM_CM7/r0p1/port.o
                0x00400394                PendSV_Handler
 .text.SysTick_Handler
                0x004003fc       0x38 src/ASF/thirdparty/freertos/freertos-8.2.3/Source/portable/GCC/ARM_CM7/r0p1/port.o
                0x004003fc                SysTick_Handler
 .text.vPortSetupTimerInterrupt
                0x00400434       0x18 src/ASF/thirdparty/freertos/freertos-8.2.3/Source/portable/GCC/ARM_CM7/r0p1/port.o
                0x00400434                vPortSetupTimerInterrupt
 .text.xPortStartScheduler
                0x0040044c       0xc4 src/ASF/thirdparty/freertos/freertos-8.2.3/Source/portable/GCC/ARM_CM7/r0p1/port.o
                0x0040044c                xPortStartScheduler
 .text.vPortValidateInterruptPriority
                0x00400510       0x64 src/ASF/thirdparty/freertos/freertos-8.2.3/Source/portable/GCC/ARM_CM7/r0p1/port.o
                0x00400510                vPortValidateInterruptPriority
 .text.pvPortMalloc
                0x00400574       0x60 src/ASF/thirdparty/freertos/freertos-8.2.3/Source/portable/MemMang/heap_1.o
                0x00400574                pvPortMalloc
 .text.vPortFree
                0x004005d4       0x1c src/ASF/thirdparty/freertos/freertos-8.2.3/Source/portable/MemMang/heap_1.o
                0x004005d4                vPortFree
 .text.vListInitialise
                0x004005f0       0x18 src/ASF/thirdparty/freertos/freertos-8.2.3/Source/list.o
                0x004005f0                vListInitialise
 .text.vListInitialiseItem
                0x00400608        0x8 src/ASF/thirdparty/freertos/freertos-8.2.3/Source/list.o
                0x00400608                vListInitialiseItem
 .text.vListInsertEnd
                0x00400610       0x18 src/ASF/thirdparty/freertos/freertos-8.2.3/Source/list.o
                0x00400610                vListInsertEnd
 .text.vListInsert
                0x00400628       0x34 src/ASF/thirdparty/freertos/freertos-8.2.3/Source/list.o
                0x00400628                vListInsert
 .text.uxListRemove
                0x0040065c       0x24 src/ASF/thirdparty/freertos/freertos-8.2.3/Source/list.o
                0x0040065c                uxListRemove
 .text.prvCopyDataToQueue
                0x00400680       0x88 src/ASF/thirdparty/freertos/freertos-8.2.3/Source/queue.o
 .text.prvNotifyQueueSetContainer
                0x00400708       0x84 src/ASF/thirdparty/freertos/freertos-8.2.3/Source/queue.o
 .text.prvCopyDataFromQueue
                0x0040078c       0x28 src/ASF/thirdparty/freertos/freertos-8.2.3/Source/queue.o
 .text.prvUnlockQueue
                0x004007b4       0x9c src/ASF/thirdparty/freertos/freertos-8.2.3/Source/queue.o
 .text.xQueueGenericReset
                0x00400850       0x94 src/ASF/thirdparty/freertos/freertos-8.2.3/Source/queue.o
                0x00400850                xQueueGenericReset
 .text.xQueueGenericCreate
                0x004008e4       0x84 src/ASF/thirdparty/freertos/freertos-8.2.3/Source/queue.o
                0x004008e4                xQueueGenericCreate
 .text.xQueueGenericSend
                0x00400968      0x1dc src/ASF/thirdparty/freertos/freertos-8.2.3/Source/queue.o
                0x00400968                xQueueGenericSend
 .text.xQueueGenericSendFromISR
                0x00400b44       0xf8 src/ASF/thirdparty/freertos/freertos-8.2.3/Source/queue.o
                0x00400b44                xQueueGenericSendFromISR
 .text.xQueueGenericReceive
                0x00400c3c      0x1c4 src/ASF/thirdparty/freertos/freertos-8.2.3/Source/queue.o
                0x00400c3c                xQueueGenericReceive
 .text.vQueueAddToRegistry
                0x00400e00       0x34 src/ASF/thirdparty/freertos/freertos-8.2.3/Source/queue.o
                0x00400e00                vQueueAddToRegistry
 .text.vQueueWaitForMessageRestricted
                0x00400e34       0x50 src/ASF/thirdparty/freertos/freertos-8.2.3/Source/queue.o
                0x00400e34                vQueueWaitForMessageRestricted
 .text.prvResetNextTaskUnblockTime
                0x00400e84       0x2c src/ASF/thirdparty/freertos/freertos-8.2.3/Source/tasks.o
 .text.prvAddCurrentTaskToDelayedList
                0x00400eb0       0x58 src/ASF/thirdparty/freertos/freertos-8.2.3/Source/tasks.o
 .text.xTaskGenericCreate
                0x00400f08      0x228 src/ASF/thirdparty/freertos/freertos-8.2.3/Source/tasks.o
                0x00400f08                xTaskGenericCreate
 .text.vTaskStartScheduler
                0x00401130       0x90 src/ASF/thirdparty/freertos/freertos-8.2.3/Source/tasks.o
                0x00401130                vTaskStartScheduler
 .text.vTaskSuspendAll
                0x004011c0       0x10 src/ASF/thirdparty/freertos/freertos-8.2.3/Source/tasks.o
                0x004011c0                vTaskSuspendAll
 .text.xTaskGetTickCount
                0x004011d0        0xc src/ASF/thirdparty/freertos/freertos-8.2.3/Source/tasks.o
                0x004011d0                xTaskGetTickCount
 .text.xTaskIncrementTick
                0x004011dc      0x134 src/ASF/thirdparty/freertos/freertos-8.2.3/Source/tasks.o
                0x004011dc                xTaskIncrementTick
 .text.xTaskResumeAll
                0x00401310      0x118 src/ASF/thirdparty/freertos/freertos-8.2.3/Source/tasks.o
                0x00401310                xTaskResumeAll
 .text.vTaskDelay
                0x00401428       0x90 src/ASF/thirdparty/freertos/freertos-8.2.3/Source/tasks.o
                0x00401428                vTaskDelay
 .text.prvIdleTask
                0x004014b8       0x90 src/ASF/thirdparty/freertos/freertos-8.2.3/Source/tasks.o
 .text.vTaskSwitchContext
                0x00401548       0x98 src/ASF/thirdparty/freertos/freertos-8.2.3/Source/tasks.o
                0x00401548                vTaskSwitchContext
 .text.vTaskPlaceOnEventList
                0x004015e0       0x84 src/ASF/thirdparty/freertos/freertos-8.2.3/Source/tasks.o
                0x004015e0                vTaskPlaceOnEventList
 .text.vTaskPlaceOnEventListRestricted
                0x00401664       0x80 src/ASF/thirdparty/freertos/freertos-8.2.3/Source/tasks.o
                0x00401664                vTaskPlaceOnEventListRestricted
 .text.xTaskRemoveFromEventList
                0x004016e4       0x98 src/ASF/thirdparty/freertos/freertos-8.2.3/Source/tasks.o
                0x004016e4                xTaskRemoveFromEventList
 .text.vTaskSetTimeOutState
                0x0040177c       0x30 src/ASF/thirdparty/freertos/freertos-8.2.3/Source/tasks.o
                0x0040177c                vTaskSetTimeOutState
 .text.xTaskCheckForTimeOut
                0x004017ac       0x94 src/ASF/thirdparty/freertos/freertos-8.2.3/Source/tasks.o
                0x004017ac                xTaskCheckForTimeOut
 .text.vTaskMissedYield
                0x00401840        0xc src/ASF/thirdparty/freertos/freertos-8.2.3/Source/tasks.o
                0x00401840                vTaskMissedYield
 .text.xTaskGetSchedulerState
                0x0040184c       0x20 src/ASF/thirdparty/freertos/freertos-8.2.3/Source/tasks.o
                0x0040184c                xTaskGetSchedulerState
 .text.vTaskPriorityInherit
                0x0040186c       0xa8 src/ASF/thirdparty/freertos/freertos-8.2.3/Source/tasks.o
                0x0040186c                vTaskPriorityInherit
 .text.xTaskPriorityDisinherit
                0x00401914       0xc0 src/ASF/thirdparty/freertos/freertos-8.2.3/Source/tasks.o
                0x00401914                xTaskPriorityDisinherit
 .text.pvTaskIncrementMutexHeldCount
                0x004019d4       0x1c src/ASF/thirdparty/freertos/freertos-8.2.3/Source/tasks.o
                0x004019d4                pvTaskIncrementMutexHeldCount
 .text.prvInsertTimerInActiveList
                0x004019f0       0x4c src/ASF/thirdparty/freertos/freertos-8.2.3/Source/timers.o
 .text.prvCheckForValidListAndQueue
                0x00401a3c       0x80 src/ASF/thirdparty/freertos/freertos-8.2.3/Source/timers.o
 .text.xTimerCreateTimerTask
                0x00401abc       0x58 src/ASF/thirdparty/freertos/freertos-8.2.3/Source/timers.o
                0x00401abc                xTimerCreateTimerTask
 .text.xTimerGenericCommand
                0x00401b14       0x70 src/ASF/thirdparty/freertos/freertos-8.2.3/Source/timers.o
                0x00401b14                xTimerGenericCommand
 .text.prvSampleTimeNow
                0x00401b84       0xbc src/ASF/thirdparty/freertos/freertos-8.2.3/Source/timers.o
 .text.prvTimerTask
                0x00401c40      0x1dc src/ASF/thirdparty/freertos/freertos-8.2.3/Source/timers.o
 .text.sysclk_init
                0x00401e1c       0x70 src/ASF/common/services/clock/sams70/sysclk.o
                0x00401e1c                sysclk_init
 .text.afec_process_callback
                0x00401e8c       0x80 src/ASF/sam/drivers/afec/afec.o
 .text.AFEC0_Handler
                0x00401f0c       0x14 src/ASF/sam/drivers/afec/afec.o
                0x00401f0c                AFEC0_Handler
 .text.AFEC1_Handler
                0x00401f20       0x14 src/ASF/sam/drivers/afec/afec.o
                0x00401f20                AFEC1_Handler
 .text.pio_set  0x00401f34        0x4 src/ASF/sam/drivers/pio/pio.o
                0x00401f34                pio_set
 .text.pio_clear
                0x00401f38        0x4 src/ASF/sam/drivers/pio/pio.o
                0x00401f38                pio_clear
 .text.pio_set_output
                0x00401f3c       0x28 src/ASF/sam/drivers/pio/pio.o
                0x00401f3c                pio_set_output
 .text.pio_get_interrupt_status
                0x00401f64        0x4 src/ASF/sam/drivers/pio/pio.o
                0x00401f64                pio_get_interrupt_status
 .text.pio_get_interrupt_mask
                0x00401f68        0x4 src/ASF/sam/drivers/pio/pio.o
                0x00401f68                pio_get_interrupt_mask
 .text.pmc_mck_set_division
                0x00401f6c       0x3c src/ASF/sam/drivers/pmc/pmc.o
                0x00401f6c                pmc_mck_set_division
 .text.pmc_switch_mck_to_pllack
                0x00401fa8       0x68 src/ASF/sam/drivers/pmc/pmc.o
                0x00401fa8                pmc_switch_mck_to_pllack
 .text.pmc_switch_mainck_to_xtal
                0x00402010       0x54 src/ASF/sam/drivers/pmc/pmc.o
                0x00402010                pmc_switch_mainck_to_xtal
 .text.pmc_osc_is_ready_mainck
                0x00402064       0x10 src/ASF/sam/drivers/pmc/pmc.o
                0x00402064                pmc_osc_is_ready_mainck
 .text.pmc_disable_pllack
                0x00402074       0x10 src/ASF/sam/drivers/pmc/pmc.o
                0x00402074                pmc_disable_pllack
 .text.pmc_is_locked_pllack
                0x00402084       0x10 src/ASF/sam/drivers/pmc/pmc.o
                0x00402084                pmc_is_locked_pllack
 .text.pmc_enable_periph_clk
                0x00402094       0x54 src/ASF/sam/drivers/pmc/pmc.o
                0x00402094                pmc_enable_periph_clk
 .text.board_init
                0x004020e8       0x64 src/ASF/common/boards/user_board/init.o
                0x004020e8                board_init
 .text.Dummy_Handler
                0x0040214c        0x4 src/ASF/sam/utils/cmsis/sams70/source/templates/gcc/startup_sams70.o
                0x0040214c                DebugMon_Handler
                0x0040214c                UART3_Handler
                0x0040214c                UART2_Handler
                0x0040214c                TRNG_Handler
                0x0040214c                HardFault_Handler
                0x0040214c                TC2_Handler
                0x0040214c                NMI_Handler
                0x0040214c                QSPI_Handler
                0x0040214c                ISI_Handler
                0x0040214c                TC9_Handler
                0x0040214c                RSWDT_Handler
                0x0040214c                USART0_Handler
                0x0040214c                RTT_Handler
                0x0040214c                USBHS_Handler
                0x0040214c                RTC_Handler
                0x0040214c                UsageFault_Handler
                0x0040214c                WDT_Handler
                0x0040214c                TC1_Handler
                0x0040214c                HSMCI_Handler
                0x0040214c                UART1_Handler
                0x0040214c                Dummy_Handler
                0x0040214c                TWIHS1_Handler
                0x0040214c                XDMAC_Handler
                0x0040214c                UART4_Handler
                0x0040214c                PWM1_Handler
                0x0040214c                USART1_Handler
                0x0040214c                PWM0_Handler
                0x0040214c                SSC_Handler
                0x0040214c                TC11_Handler
                0x0040214c                ACC_Handler
                0x0040214c                PMC_Handler
                0x0040214c                MemManage_Handler
                0x0040214c                SUPC_Handler
                0x0040214c                EFC_Handler
                0x0040214c                USART2_Handler
                0x0040214c                SPI1_Handler
                0x0040214c                TC10_Handler
                0x0040214c                TWIHS2_Handler
                0x0040214c                UART0_Handler
                0x0040214c                BusFault_Handler
                0x0040214c                RSTC_Handler
                0x0040214c                TC0_Handler
                0x0040214c                ICM_Handler
                0x0040214c                AES_Handler
                0x0040214c                TWIHS0_Handler
                0x0040214c                SPI0_Handler
 .text.Reset_Handler
                0x00402150       0x98 src/ASF/sam/utils/cmsis/sams70/source/templates/gcc/startup_sams70.o
                0x00402150                Reset_Handler
 .text.SystemCoreClockUpdate
                0x004021e8      0x110 src/ASF/sam/utils/cmsis/sams70/source/templates/system_sams70.o
                0x004021e8                SystemCoreClockUpdate
 .text.system_init_flash
                0x004022f8       0x74 src/ASF/sam/utils/cmsis/sams70/source/templates/system_sams70.o
                0x004022f8                system_init_flash
 .text.Task1    0x0040236c       0x60 src/main.o
                0x0040236c                Task1
 .text.main     0x004023cc       0x5c src/main.o
                0x004023cc                main
 .text.__libc_init_array
                0x00402428       0x50 c:/program files (x86)/atmel/studio/7.0/toolchain/arm/arm-gnu-toolchain/bin/../lib/gcc/arm-none-eabi/5.3.1/../../../../arm-none-eabi/lib/armv7e-m\libc.a(lib_a-init.o)
                0x00402428                __libc_init_array
 .text          0x00402478      0x134 c:/program files (x86)/atmel/studio/7.0/toolchain/arm/arm-gnu-toolchain/bin/../lib/gcc/arm-none-eabi/5.3.1/../../../../arm-none-eabi/lib/armv7e-m\libc.a(lib_a-memcpy.o)
                0x00402478                memcpy
 .text.memset   0x004025ac       0x9c c:/program files (x86)/atmel/studio/7.0/toolchain/arm/arm-gnu-toolchain/bin/../lib/gcc/arm-none-eabi/5.3.1/../../../../arm-none-eabi/lib/armv7e-m\libc.a(lib_a-memset.o)
                0x004025ac                memset
 .text.startup.register_fini
                0x00402648       0x14 c:/program files (x86)/atmel/studio/7.0/toolchain/arm/arm-gnu-toolchain/bin/../lib/gcc/arm-none-eabi/5.3.1/../../../../arm-none-eabi/lib/armv7e-m\libc.a(lib_a-__call_atexit.o)
 .text.atexit   0x0040265c        0xc c:/program files (x86)/atmel/studio/7.0/toolchain/arm/arm-gnu-toolchain/bin/../lib/gcc/arm-none-eabi/5.3.1/../../../../arm-none-eabi/lib/armv7e-m\libc.a(lib_a-atexit.o)
                0x0040265c                atexit
 .text.__libc_fini_array
                0x00402668       0x28 c:/program files (x86)/atmel/studio/7.0/toolchain/arm/arm-gnu-toolchain/bin/../lib/gcc/arm-none-eabi/5.3.1/../../../../arm-none-eabi/lib/armv7e-m\libc.a(lib_a-fini.o)
                0x00402668                __libc_fini_array
 .text.__register_exitproc
                0x00402690       0xa4 c:/program files (x86)/atmel/studio/7.0/toolchain/arm/arm-gnu-toolchain/bin/../lib/gcc/arm-none-eabi/5.3.1/../../../../arm-none-eabi/lib/armv7e-m\libc.a(lib_a-__atexit.o)
                0x00402690                __register_exitproc
 *(.glue_7t)
 .glue_7t       0x00402734        0x0 linker stubs
 *(.glue_7)
 .glue_7        0x00402734        0x0 linker stubs
 *(.rodata .rodata* .gnu.linkonce.r.*)
 .rodata.str1.4
                0x00402734       0x17 src/ASF/thirdparty/freertos/freertos-8.2.3/Source/tasks.o
 *fill*         0x0040274b        0x1 
 .rodata.str1.4
                0x0040274c       0x10 src/ASF/thirdparty/freertos/freertos-8.2.3/Source/timers.o
 .rodata.str1.4
                0x0040275c        0x6 src/main.o
 *fill*         0x00402762        0x2 
 .rodata.str1.4
                0x00402764        0x4 c:/program files (x86)/atmel/studio/7.0/toolchain/arm/arm-gnu-toolchain/bin/../lib/gcc/arm-none-eabi/5.3.1/../../../../arm-none-eabi/lib/armv7e-m\libc.a(lib_a-impure.o)
                                  0x2 (size before relaxing)
 .rodata._global_impure_ptr
                0x00402768        0x4 c:/program files (x86)/atmel/studio/7.0/toolchain/arm/arm-gnu-toolchain/bin/../lib/gcc/arm-none-eabi/5.3.1/../../../../arm-none-eabi/lib/armv7e-m\libc.a(lib_a-impure.o)
                0x00402768                _global_impure_ptr
 *(.ARM.extab* .gnu.linkonce.armextab.*)
                0x0040276c                . = ALIGN (0x4)
 *(.init)
 .init          0x0040276c        0x4 c:/program files (x86)/atmel/studio/7.0/toolchain/arm/arm-gnu-toolchain/bin/../lib/gcc/arm-none-eabi/5.3.1/armv7e-m/crti.o
                0x0040276c                _init
 .init          0x00402770        0x8 c:/program files (x86)/atmel/studio/7.0/toolchain/arm/arm-gnu-toolchain/bin/../lib/gcc/arm-none-eabi/5.3.1/armv7e-m/crtn.o
                0x00402778                . = ALIGN (0x4)
                0x00402778                __preinit_array_start = .
 *(.preinit_array)
                0x00402778                __preinit_array_end = .
                0x00402778                . = ALIGN (0x4)
                0x00402778                __init_array_start = .
 *(SORT(.init_array.*))
 .init_array.00000
                0x00402778        0x4 c:/program files (x86)/atmel/studio/7.0/toolchain/arm/arm-gnu-toolchain/bin/../lib/gcc/arm-none-eabi/5.3.1/../../../../arm-none-eabi/lib/armv7e-m\libc.a(lib_a-__call_atexit.o)
 *(.init_array)
 .init_array    0x0040277c        0x4 c:/program files (x86)/atmel/studio/7.0/toolchain/arm/arm-gnu-toolchain/bin/../lib/gcc/arm-none-eabi/5.3.1/armv7e-m/crtbegin.o
                0x00402780                __init_array_end = .
                0x00402780                . = ALIGN (0x4)
 *crtbegin.o(.ctors)
 *(EXCLUDE_FILE(*crtend.o) .ctors)
 *(SORT(.ctors.*))
 *crtend.o(.ctors)
                0x00402780                . = ALIGN (0x4)
 *(.fini)
 .fini          0x00402780        0x4 c:/program files (x86)/atmel/studio/7.0/toolchain/arm/arm-gnu-toolchain/bin/../lib/gcc/arm-none-eabi/5.3.1/armv7e-m/crti.o
                0x00402780                _fini
 .fini          0x00402784        0x8 c:/program files (x86)/atmel/studio/7.0/toolchain/arm/arm-gnu-toolchain/bin/../lib/gcc/arm-none-eabi/5.3.1/armv7e-m/crtn.o
                0x0040278c                . = ALIGN (0x4)
                0x0040278c                __fini_array_start = .
 *(.fini_array)
 .fini_array    0x0040278c        0x4 c:/program files (x86)/atmel/studio/7.0/toolchain/arm/arm-gnu-toolchain/bin/../lib/gcc/arm-none-eabi/5.3.1/armv7e-m/crtbegin.o
 *(SORT(.fini_array.*))
                0x00402790                __fini_array_end = .
 *crtbegin.o(.dtors)
 *(EXCLUDE_FILE(*crtend.o) .dtors)
 *(SORT(.dtors.*))
 *crtend.o(.dtors)
                0x00402790                . = ALIGN (0x4)
                0x00402790                _efixed = .
                [!provide]                PROVIDE (__exidx_start, .)

.vfp11_veneer   0x00402790        0x0
 .vfp11_veneer  0x00402790        0x0 linker stubs

.v4_bx          0x00402790        0x0
 .v4_bx         0x00402790        0x0 linker stubs

.iplt           0x00402790        0x0
 .iplt          0x00402790        0x0 c:/program files (x86)/atmel/studio/7.0/toolchain/arm/arm-gnu-toolchain/bin/../lib/gcc/arm-none-eabi/5.3.1/armv7e-m/crtbegin.o

.eh_frame       0x00402790        0x0
 .eh_frame      0x00402790        0x0 c:/program files (x86)/atmel/studio/7.0/toolchain/arm/arm-gnu-toolchain/bin/../lib/gcc/arm-none-eabi/5.3.1/armv7e-m/crtbegin.o

.rel.dyn        0x00402790        0x0
 .rel.iplt      0x00402790        0x0 c:/program files (x86)/atmel/studio/7.0/toolchain/arm/arm-gnu-toolchain/bin/../lib/gcc/arm-none-eabi/5.3.1/armv7e-m/crtbegin.o

.jcr            0x00402790        0x0
 .jcr           0x00402790        0x0 c:/program files (x86)/atmel/studio/7.0/toolchain/arm/arm-gnu-toolchain/bin/../lib/gcc/arm-none-eabi/5.3.1/armv7e-m/crtbegin.o

.igot.plt       0x00402790        0x0
 .igot.plt      0x00402790        0x0 c:/program files (x86)/atmel/studio/7.0/toolchain/arm/arm-gnu-toolchain/bin/../lib/gcc/arm-none-eabi/5.3.1/armv7e-m/crtbegin.o

.ARM.exidx
 *(.ARM.exidx* .gnu.linkonce.armexidx.*)
                [!provide]                PROVIDE (__exidx_end, .)
                0x00402790                . = ALIGN (0x4)
                0x00402790                _etext = .

.relocate       0x20400000      0x430 load address 0x00402790
                0x20400000                . = ALIGN (0x4)
                0x20400000                _srelocate = .
 *(.ramfunc .ramfunc.*)
 *(.data .data.*)
 .data.uxCriticalNesting
                0x20400000        0x4 src/ASF/thirdparty/freertos/freertos-8.2.3/Source/portable/GCC/ARM_CM7/r0p1/port.o
 .data.SystemCoreClock
                0x20400004        0x4 src/ASF/sam/utils/cmsis/sams70/source/templates/system_sams70.o
                0x20400004                SystemCoreClock
 .data.impure_data
                0x20400008      0x428 c:/program files (x86)/atmel/studio/7.0/toolchain/arm/arm-gnu-toolchain/bin/../lib/gcc/arm-none-eabi/5.3.1/../../../../arm-none-eabi/lib/armv7e-m\libc.a(lib_a-impure.o)
                0x20400430                . = ALIGN (0x4)
                0x20400430                _erelocate = .

.bss            0x20400430     0xbaf8 load address 0x00402bc0
                0x20400430                . = ALIGN (0x4)
                0x20400430                _sbss = .
                0x20400430                _szero = .
 *(.bss .bss.*)
 .bss           0x20400430       0x1c c:/program files (x86)/atmel/studio/7.0/toolchain/arm/arm-gnu-toolchain/bin/../lib/gcc/arm-none-eabi/5.3.1/armv7e-m/crtbegin.o
 .bss.gs_interrupt_sources
                0x2040044c       0x70 src/ASF/sam/drivers/pio/pio_handler.o
 .bss.ucMaxSysCallPriority
                0x204004bc        0x1 src/ASF/thirdparty/freertos/freertos-8.2.3/Source/portable/GCC/ARM_CM7/r0p1/port.o
 *fill*         0x204004bd        0x3 
 .bss.ulMaxPRIGROUPValue
                0x204004c0        0x4 src/ASF/thirdparty/freertos/freertos-8.2.3/Source/portable/GCC/ARM_CM7/r0p1/port.o
 .bss.xNextFreeByte
                0x204004c4        0x4 src/ASF/thirdparty/freertos/freertos-8.2.3/Source/portable/MemMang/heap_1.o
 .bss.ucHeap    0x204004c8     0xb800 src/ASF/thirdparty/freertos/freertos-8.2.3/Source/portable/MemMang/heap_1.o
 .bss.pucAlignedHeap.7873
                0x2040bcc8        0x4 src/ASF/thirdparty/freertos/freertos-8.2.3/Source/portable/MemMang/heap_1.o
 .bss.xNumOfOverflows
                0x2040bccc        0x4 src/ASF/thirdparty/freertos/freertos-8.2.3/Source/tasks.o
 .bss.pxDelayedTaskList
                0x2040bcd0        0x4 src/ASF/thirdparty/freertos/freertos-8.2.3/Source/tasks.o
 .bss.xSchedulerRunning
                0x2040bcd4        0x4 src/ASF/thirdparty/freertos/freertos-8.2.3/Source/tasks.o
 .bss.uxTasksDeleted
                0x2040bcd8        0x4 src/ASF/thirdparty/freertos/freertos-8.2.3/Source/tasks.o
 .bss.xDelayedTaskList1
                0x2040bcdc       0x14 src/ASF/thirdparty/freertos/freertos-8.2.3/Source/tasks.o
 .bss.pxOverflowDelayedTaskList
                0x2040bcf0        0x4 src/ASF/thirdparty/freertos/freertos-8.2.3/Source/tasks.o
 .bss.uxPendedTicks
                0x2040bcf4        0x4 src/ASF/thirdparty/freertos/freertos-8.2.3/Source/tasks.o
 .bss.pxReadyTasksLists
                0x2040bcf8       0xc8 src/ASF/thirdparty/freertos/freertos-8.2.3/Source/tasks.o
 .bss.xTasksWaitingTermination
                0x2040bdc0       0x14 src/ASF/thirdparty/freertos/freertos-8.2.3/Source/tasks.o
 .bss.pxCurrentTCB
                0x2040bdd4        0x4 src/ASF/thirdparty/freertos/freertos-8.2.3/Source/tasks.o
                0x2040bdd4                pxCurrentTCB
 .bss.xPendingReadyList
                0x2040bdd8       0x14 src/ASF/thirdparty/freertos/freertos-8.2.3/Source/tasks.o
 .bss.uxSchedulerSuspended
                0x2040bdec        0x4 src/ASF/thirdparty/freertos/freertos-8.2.3/Source/tasks.o
 .bss.xTickCount
                0x2040bdf0        0x4 src/ASF/thirdparty/freertos/freertos-8.2.3/Source/tasks.o
 .bss.xNextTaskUnblockTime
                0x2040bdf4        0x4 src/ASF/thirdparty/freertos/freertos-8.2.3/Source/tasks.o
 .bss.uxTaskNumber
                0x2040bdf8        0x4 src/ASF/thirdparty/freertos/freertos-8.2.3/Source/tasks.o
 .bss.uxCurrentNumberOfTasks
                0x2040bdfc        0x4 src/ASF/thirdparty/freertos/freertos-8.2.3/Source/tasks.o
 .bss.xDelayedTaskList2
                0x2040be00       0x14 src/ASF/thirdparty/freertos/freertos-8.2.3/Source/tasks.o
 .bss.xSuspendedTaskList
                0x2040be14       0x14 src/ASF/thirdparty/freertos/freertos-8.2.3/Source/tasks.o
 .bss.uxTopReadyPriority
                0x2040be28        0x4 src/ASF/thirdparty/freertos/freertos-8.2.3/Source/tasks.o
 .bss.xYieldPending
                0x2040be2c        0x4 src/ASF/thirdparty/freertos/freertos-8.2.3/Source/tasks.o
 .bss.pxCurrentTimerList
                0x2040be30        0x4 src/ASF/thirdparty/freertos/freertos-8.2.3/Source/timers.o
 .bss.xActiveTimerList1
                0x2040be34       0x14 src/ASF/thirdparty/freertos/freertos-8.2.3/Source/timers.o
 .bss.xActiveTimerList2
                0x2040be48       0x14 src/ASF/thirdparty/freertos/freertos-8.2.3/Source/timers.o
 .bss.xLastTime.8132
                0x2040be5c        0x4 src/ASF/thirdparty/freertos/freertos-8.2.3/Source/timers.o
 .bss.xTimerQueue
                0x2040be60        0x4 src/ASF/thirdparty/freertos/freertos-8.2.3/Source/timers.o
 .bss.pxOverflowTimerList
                0x2040be64        0x4 src/ASF/thirdparty/freertos/freertos-8.2.3/Source/timers.o
 *(COMMON)
 COMMON         0x2040be68       0x40 src/ASF/thirdparty/freertos/freertos-8.2.3/Source/queue.o
                0x2040be68                xQueueRegistry
 COMMON         0x2040bea8       0x80 src/ASF/sam/drivers/afec/afec.o
                0x2040bea8                afec_callback_pointer
                0x2040bf28                . = ALIGN (0x4)
                0x2040bf28                _ebss = .
                0x2040bf28                _ezero = .

.stack          0x2040bf28     0x2000 load address 0x0040e6b8
                0x2040bf28                . = ALIGN (0x8)
                0x2040bf28                _sstack = .
                0x2040df28                . = (. + STACK_SIZE)
 *fill*         0x2040bf28     0x2000 
                0x2040df28                . = ALIGN (0x8)
                0x2040df28                _estack = .

.heap           0x2040df28      0x200 load address 0x004106b8
                0x2040df28                . = ALIGN (0x8)
                0x2040df28                _sheap = .
                0x2040e128                . = (. + HEAP_SIZE)
 *fill*         0x2040df28      0x200 
                0x2040e128                . = ALIGN (0x8)
                0x2040e128                _eheap = .
                0x2040e128                . = ALIGN (0x4)
                0x2040e128                _end = .
                0x2045ffff                _ram_end_ = ((ORIGIN (ram) + LENGTH (ram)) - 0x1)
OUTPUT(Hexapod_Controller.elf elf32-littlearm)

.ARM.attributes
                0x00000000       0x2e
 .ARM.attributes
                0x00000000       0x1e c:/program files (x86)/atmel/studio/7.0/toolchain/arm/arm-gnu-toolchain/bin/../lib/gcc/arm-none-eabi/5.3.1/armv7e-m/crti.o
 .ARM.attributes
                0x0000001e       0x2e c:/program files (x86)/atmel/studio/7.0/toolchain/arm/arm-gnu-toolchain/bin/../lib/gcc/arm-none-eabi/5.3.1/armv7e-m/crtbegin.o
 .ARM.attributes
                0x0000004c       0x37 src/ASF/sam/drivers/pio/pio_handler.o
 .ARM.attributes
                0x00000083       0x37 src/ASF/sam/drivers/supc/supc.o
 .ARM.attributes
                0x000000ba       0x37 src/ASF/sam/drivers/wdt/wdt.o
 .ARM.attributes
                0x000000f1       0x37 src/ASF/thirdparty/freertos/freertos-8.2.3/Source/portable/GCC/ARM_CM7/r0p1/port.o
 .ARM.attributes
                0x00000128       0x37 src/ASF/thirdparty/freertos/freertos-8.2.3/Source/portable/MemMang/heap_1.o
 .ARM.attributes
                0x0000015f       0x37 src/ASF/thirdparty/freertos/freertos-8.2.3/Source/list.o
 .ARM.attributes
                0x00000196       0x37 src/ASF/thirdparty/freertos/freertos-8.2.3/Source/queue.o
 .ARM.attributes
                0x000001cd       0x37 src/ASF/thirdparty/freertos/freertos-8.2.3/Source/tasks.o
 .ARM.attributes
                0x00000204       0x37 src/ASF/thirdparty/freertos/freertos-8.2.3/Source/timers.o
 .ARM.attributes
                0x0000023b       0x37 src/ASF/common/services/clock/sams70/sysclk.o
 .ARM.attributes
                0x00000272       0x37 src/ASF/sam/drivers/afec/afec.o
 .ARM.attributes
                0x000002a9       0x37 src/ASF/sam/drivers/pio/pio.o
 .ARM.attributes
                0x000002e0       0x37 src/ASF/sam/drivers/pmc/pmc.o
 .ARM.attributes
                0x00000317       0x37 src/ASF/common/boards/user_board/init.o
 .ARM.attributes
                0x0000034e       0x37 src/ASF/sam/utils/cmsis/sams70/source/templates/gcc/startup_sams70.o
 .ARM.attributes
                0x00000385       0x37 src/ASF/sam/utils/cmsis/sams70/source/templates/system_sams70.o
 .ARM.attributes
                0x000003bc       0x37 src/main.o
 .ARM.attributes
                0x000003f3       0x2e c:/program files (x86)/atmel/studio/7.0/toolchain/arm/arm-gnu-toolchain/bin/../lib/gcc/arm-none-eabi/5.3.1/../../../../arm-none-eabi/lib/armv7e-m\libc.a(lib_a-impure.o)
 .ARM.attributes
                0x00000421       0x2e c:/program files (x86)/atmel/studio/7.0/toolchain/arm/arm-gnu-toolchain/bin/../lib/gcc/arm-none-eabi/5.3.1/../../../../arm-none-eabi/lib/armv7e-m\libc.a(lib_a-init.o)
 .ARM.attributes
                0x0000044f       0x1c c:/program files (x86)/atmel/studio/7.0/toolchain/arm/arm-gnu-toolchain/bin/../lib/gcc/arm-none-eabi/5.3.1/../../../../arm-none-eabi/lib/armv7e-m\libc.a(lib_a-memcpy.o)
 .ARM.attributes
                0x0000046b       0x2e c:/program files (x86)/atmel/studio/7.0/toolchain/arm/arm-gnu-toolchain/bin/../lib/gcc/arm-none-eabi/5.3.1/../../../../arm-none-eabi/lib/armv7e-m\libc.a(lib_a-memset.o)
 .ARM.attributes
                0x00000499       0x2e c:/program files (x86)/atmel/studio/7.0/toolchain/arm/arm-gnu-toolchain/bin/../lib/gcc/arm-none-eabi/5.3.1/../../../../arm-none-eabi/lib/armv7e-m\libc.a(lib_a-__call_atexit.o)
 .ARM.attributes
                0x000004c7       0x2e c:/program files (x86)/atmel/studio/7.0/toolchain/arm/arm-gnu-toolchain/bin/../lib/gcc/arm-none-eabi/5.3.1/../../../../arm-none-eabi/lib/armv7e-m\libc.a(lib_a-atexit.o)
 .ARM.attributes
                0x000004f5       0x2e c:/program files (x86)/atmel/studio/7.0/toolchain/arm/arm-gnu-toolchain/bin/../lib/gcc/arm-none-eabi/5.3.1/../../../../arm-none-eabi/lib/armv7e-m\libc.a(lib_a-fini.o)
 .ARM.attributes
                0x00000523       0x2e c:/program files (x86)/atmel/studio/7.0/toolchain/arm/arm-gnu-toolchain/bin/../lib/gcc/arm-none-eabi/5.3.1/../../../../arm-none-eabi/lib/armv7e-m\libc.a(lib_a-__atexit.o)
 .ARM.attributes
                0x00000551       0x1e c:/program files (x86)/atmel/studio/7.0/toolchain/arm/arm-gnu-toolchain/bin/../lib/gcc/arm-none-eabi/5.3.1/armv7e-m/crtn.o

.comment        0x00000000       0x59
 .comment       0x00000000       0x59 src/ASF/sam/drivers/pio/pio_handler.o
                                 0x5a (size before relaxing)
 .comment       0x00000059       0x5a src/ASF/sam/drivers/supc/supc.o
 .comment       0x00000059       0x5a src/ASF/sam/drivers/wdt/wdt.o
 .comment       0x00000059       0x5a src/ASF/thirdparty/freertos/freertos-8.2.3/Source/portable/GCC/ARM_CM7/r0p1/port.o
 .comment       0x00000059       0x5a src/ASF/thirdparty/freertos/freertos-8.2.3/Source/portable/MemMang/heap_1.o
 .comment       0x00000059       0x5a src/ASF/thirdparty/freertos/freertos-8.2.3/Source/list.o
 .comment       0x00000059       0x5a src/ASF/thirdparty/freertos/freertos-8.2.3/Source/queue.o
 .comment       0x00000059       0x5a src/ASF/thirdparty/freertos/freertos-8.2.3/Source/tasks.o
 .comment       0x00000059       0x5a src/ASF/thirdparty/freertos/freertos-8.2.3/Source/timers.o
 .comment       0x00000059       0x5a src/ASF/common/services/clock/sams70/sysclk.o
 .comment       0x00000059       0x5a src/ASF/sam/drivers/afec/afec.o
 .comment       0x00000059       0x5a src/ASF/sam/drivers/pio/pio.o
 .comment       0x00000059       0x5a src/ASF/sam/drivers/pmc/pmc.o
 .comment       0x00000059       0x5a src/ASF/common/boards/user_board/init.o
 .comment       0x00000059       0x5a src/ASF/sam/utils/cmsis/sams70/source/templates/gcc/startup_sams70.o
 .comment       0x00000059       0x5a src/ASF/sam/utils/cmsis/sams70/source/templates/system_sams70.o
 .comment       0x00000059       0x5a src/main.o

.debug_info     0x00000000     0xee37
 .debug_info    0x00000000     0x11b7 src/ASF/sam/drivers/pio/pio_handler.o
 .debug_info    0x000011b7      0x575 src/ASF/sam/drivers/supc/supc.o
 .debug_info    0x0000172c      0x2d6 src/ASF/sam/drivers/wdt/wdt.o
 .debug_info    0x00001a02      0x59b src/ASF/thirdparty/freertos/freertos-8.2.3/Source/portable/GCC/ARM_CM7/r0p1/port.o
 .debug_info    0x00001f9d      0x24f src/ASF/thirdparty/freertos/freertos-8.2.3/Source/portable/MemMang/heap_1.o
 .debug_info    0x000021ec      0x348 src/ASF/thirdparty/freertos/freertos-8.2.3/Source/list.o
 .debug_info    0x00002534     0x1b7d src/ASF/thirdparty/freertos/freertos-8.2.3/Source/queue.o
 .debug_info    0x000040b1     0x2833 src/ASF/thirdparty/freertos/freertos-8.2.3/Source/tasks.o
 .debug_info    0x000068e4     0x10b3 src/ASF/thirdparty/freertos/freertos-8.2.3/Source/timers.o
 .debug_info    0x00007997      0x846 src/ASF/common/services/clock/sams70/sysclk.o
 .debug_info    0x000081dd     0x1aef src/ASF/sam/drivers/afec/afec.o
 .debug_info    0x00009ccc     0x1cb5 src/ASF/sam/drivers/pio/pio.o
 .debug_info    0x0000b981     0x14fb src/ASF/sam/drivers/pmc/pmc.o
 .debug_info    0x0000ce7c      0x7fe src/ASF/common/boards/user_board/init.o
 .debug_info    0x0000d67a      0xa24 src/ASF/sam/utils/cmsis/sams70/source/templates/gcc/startup_sams70.o
 .debug_info    0x0000e09e      0x56c src/ASF/sam/utils/cmsis/sams70/source/templates/system_sams70.o
 .debug_info    0x0000e60a      0x82d src/main.o

.debug_abbrev   0x00000000     0x24ba
 .debug_abbrev  0x00000000      0x24e src/ASF/sam/drivers/pio/pio_handler.o
 .debug_abbrev  0x0000024e      0x159 src/ASF/sam/drivers/supc/supc.o
 .debug_abbrev  0x000003a7      0x12a src/ASF/sam/drivers/wdt/wdt.o
 .debug_abbrev  0x000004d1      0x264 src/ASF/thirdparty/freertos/freertos-8.2.3/Source/portable/GCC/ARM_CM7/r0p1/port.o
 .debug_abbrev  0x00000735      0x171 src/ASF/thirdparty/freertos/freertos-8.2.3/Source/portable/MemMang/heap_1.o
 .debug_abbrev  0x000008a6      0x126 src/ASF/thirdparty/freertos/freertos-8.2.3/Source/list.o
 .debug_abbrev  0x000009cc      0x307 src/ASF/thirdparty/freertos/freertos-8.2.3/Source/queue.o
 .debug_abbrev  0x00000cd3      0x3db src/ASF/thirdparty/freertos/freertos-8.2.3/Source/tasks.o
 .debug_abbrev  0x000010ae      0x30d src/ASF/thirdparty/freertos/freertos-8.2.3/Source/timers.o
 .debug_abbrev  0x000013bb      0x230 src/ASF/common/services/clock/sams70/sysclk.o
 .debug_abbrev  0x000015eb      0x446 src/ASF/sam/drivers/afec/afec.o
 .debug_abbrev  0x00001a31      0x329 src/ASF/sam/drivers/pio/pio.o
 .debug_abbrev  0x00001d5a      0x2bd src/ASF/sam/drivers/pmc/pmc.o
 .debug_abbrev  0x00002017      0x119 src/ASF/common/boards/user_board/init.o
 .debug_abbrev  0x00002130      0x145 src/ASF/sam/utils/cmsis/sams70/source/templates/gcc/startup_sams70.o
 .debug_abbrev  0x00002275       0xf5 src/ASF/sam/utils/cmsis/sams70/source/templates/system_sams70.o
 .debug_abbrev  0x0000236a      0x150 src/main.o

.debug_loc      0x00000000     0x7b87
 .debug_loc     0x00000000      0x50f src/ASF/sam/drivers/pio/pio_handler.o
 .debug_loc     0x0000050f      0x1e8 src/ASF/sam/drivers/supc/supc.o
 .debug_loc     0x000006f7      0x14d src/ASF/sam/drivers/wdt/wdt.o
 .debug_loc     0x00000844      0x107 src/ASF/thirdparty/freertos/freertos-8.2.3/Source/portable/GCC/ARM_CM7/r0p1/port.o
 .debug_loc     0x0000094b       0x7f src/ASF/thirdparty/freertos/freertos-8.2.3/Source/portable/MemMang/heap_1.o
 .debug_loc     0x000009ca       0x91 src/ASF/thirdparty/freertos/freertos-8.2.3/Source/list.o
 .debug_loc     0x00000a5b     0x16ba src/ASF/thirdparty/freertos/freertos-8.2.3/Source/queue.o
 .debug_loc     0x00002115     0x1e49 src/ASF/thirdparty/freertos/freertos-8.2.3/Source/tasks.o
 .debug_loc     0x00003f5e      0xddc src/ASF/thirdparty/freertos/freertos-8.2.3/Source/timers.o
 .debug_loc     0x00004d3a      0x183 src/ASF/common/services/clock/sams70/sysclk.o
 .debug_loc     0x00004ebd      0xa6b src/ASF/sam/drivers/afec/afec.o
 .debug_loc     0x00005928     0x1264 src/ASF/sam/drivers/pio/pio.o
 .debug_loc     0x00006b8c      0xec0 src/ASF/sam/drivers/pmc/pmc.o
 .debug_loc     0x00007a4c       0x38 src/ASF/common/boards/user_board/init.o
 .debug_loc     0x00007a84       0x5e src/ASF/sam/utils/cmsis/sams70/source/templates/gcc/startup_sams70.o
 .debug_loc     0x00007ae2       0xa5 src/main.o

.debug_aranges  0x00000000      0xba0
 .debug_aranges
                0x00000000       0x50 src/ASF/sam/drivers/pio/pio_handler.o
 .debug_aranges
                0x00000050       0xb0 src/ASF/sam/drivers/supc/supc.o
 .debug_aranges
                0x00000100       0x48 src/ASF/sam/drivers/wdt/wdt.o
 .debug_aranges
                0x00000148       0x80 src/ASF/thirdparty/freertos/freertos-8.2.3/Source/portable/GCC/ARM_CM7/r0p1/port.o
 .debug_aranges
                0x000001c8       0x38 src/ASF/thirdparty/freertos/freertos-8.2.3/Source/portable/MemMang/heap_1.o
 .debug_aranges
                0x00000200       0x40 src/ASF/thirdparty/freertos/freertos-8.2.3/Source/list.o
 .debug_aranges
                0x00000240      0x120 src/ASF/thirdparty/freertos/freertos-8.2.3/Source/queue.o
 .debug_aranges
                0x00000360      0x1a0 src/ASF/thirdparty/freertos/freertos-8.2.3/Source/tasks.o
 .debug_aranges
                0x00000500       0x80 src/ASF/thirdparty/freertos/freertos-8.2.3/Source/timers.o
 .debug_aranges
                0x00000580       0x40 src/ASF/common/services/clock/sams70/sysclk.o
 .debug_aranges
                0x000005c0       0xb8 src/ASF/sam/drivers/afec/afec.o
 .debug_aranges
                0x00000678      0x238 src/ASF/sam/drivers/pio/pio.o
 .debug_aranges
                0x000008b0      0x250 src/ASF/sam/drivers/pmc/pmc.o
 .debug_aranges
                0x00000b00       0x20 src/ASF/common/boards/user_board/init.o
 .debug_aranges
                0x00000b20       0x28 src/ASF/sam/utils/cmsis/sams70/source/templates/gcc/startup_sams70.o
 .debug_aranges
                0x00000b48       0x30 src/ASF/sam/utils/cmsis/sams70/source/templates/system_sams70.o
 .debug_aranges
                0x00000b78       0x28 src/main.o

.debug_ranges   0x00000000      0xc80
 .debug_ranges  0x00000000       0x40 src/ASF/sam/drivers/pio/pio_handler.o
 .debug_ranges  0x00000040       0xa0 src/ASF/sam/drivers/supc/supc.o
 .debug_ranges  0x000000e0       0x38 src/ASF/sam/drivers/wdt/wdt.o
 .debug_ranges  0x00000118       0x70 src/ASF/thirdparty/freertos/freertos-8.2.3/Source/portable/GCC/ARM_CM7/r0p1/port.o
 .debug_ranges  0x00000188       0x28 src/ASF/thirdparty/freertos/freertos-8.2.3/Source/portable/MemMang/heap_1.o
 .debug_ranges  0x000001b0       0x30 src/ASF/thirdparty/freertos/freertos-8.2.3/Source/list.o
 .debug_ranges  0x000001e0      0x110 src/ASF/thirdparty/freertos/freertos-8.2.3/Source/queue.o
 .debug_ranges  0x000002f0      0x240 src/ASF/thirdparty/freertos/freertos-8.2.3/Source/tasks.o
 .debug_ranges  0x00000530       0xc0 src/ASF/thirdparty/freertos/freertos-8.2.3/Source/timers.o
 .debug_ranges  0x000005f0       0x30 src/ASF/common/services/clock/sams70/sysclk.o
 .debug_ranges  0x00000620       0xc0 src/ASF/sam/drivers/afec/afec.o
 .debug_ranges  0x000006e0      0x300 src/ASF/sam/drivers/pio/pio.o
 .debug_ranges  0x000009e0      0x240 src/ASF/sam/drivers/pmc/pmc.o
 .debug_ranges  0x00000c20       0x10 src/ASF/common/boards/user_board/init.o
 .debug_ranges  0x00000c30       0x18 src/ASF/sam/utils/cmsis/sams70/source/templates/gcc/startup_sams70.o
 .debug_ranges  0x00000c48       0x20 src/ASF/sam/utils/cmsis/sams70/source/templates/system_sams70.o
 .debug_ranges  0x00000c68       0x18 src/main.o

.debug_macro    0x00000000     0x6951
 .debug_macro   0x00000000      0x5a5 src/ASF/sam/drivers/pio/pio_handler.o
 .debug_macro   0x000005a5       0x8e src/ASF/sam/drivers/pio/pio_handler.o
 .debug_macro   0x00000633      0x590 src/ASF/sam/drivers/supc/supc.o
 .debug_macro   0x00000bc3      0x5a8 src/ASF/sam/drivers/wdt/wdt.o
 .debug_macro   0x0000116b      0x6d1 src/ASF/thirdparty/freertos/freertos-8.2.3/Source/portable/GCC/ARM_CM7/r0p1/port.o
 .debug_macro   0x0000183c      0x626 src/ASF/thirdparty/freertos/freertos-8.2.3/Source/portable/MemMang/heap_1.o
 .debug_macro   0x00001e62      0x604 src/ASF/thirdparty/freertos/freertos-8.2.3/Source/list.o
 .debug_macro   0x00002466      0x67a src/ASF/thirdparty/freertos/freertos-8.2.3/Source/queue.o
 .debug_macro   0x00002ae0       0x16 src/ASF/thirdparty/freertos/freertos-8.2.3/Source/queue.o
 .debug_macro   0x00002af6      0x6b7 src/ASF/thirdparty/freertos/freertos-8.2.3/Source/tasks.o
 .debug_macro   0x000031ad      0x645 src/ASF/thirdparty/freertos/freertos-8.2.3/Source/timers.o
 .debug_macro   0x000037f2      0x60d src/ASF/common/services/clock/sams70/sysclk.o
 .debug_macro   0x00003dff      0x66a src/ASF/sam/drivers/afec/afec.o
 .debug_macro   0x00004469      0x59b src/ASF/sam/drivers/pio/pio.o
 .debug_macro   0x00004a04      0x59b src/ASF/sam/drivers/pmc/pmc.o
 .debug_macro   0x00004f9f       0x6a src/ASF/sam/drivers/pmc/pmc.o
 .debug_macro   0x00005009      0x7e7 src/ASF/common/boards/user_board/init.o
 .debug_macro   0x000057f0      0x3ad src/ASF/sam/utils/cmsis/sams70/source/templates/gcc/startup_sams70.o
 .debug_macro   0x00005b9d      0x3bf src/ASF/sam/utils/cmsis/sams70/source/templates/system_sams70.o
 .debug_macro   0x00005f5c      0x814 src/main.o
 .debug_macro   0x00006770      0x1e1 src/main.o

.debug_line     0x00000000     0xd50b
 .debug_line    0x00000000      0x9c0 src/ASF/sam/drivers/pio/pio_handler.o
 .debug_line    0x000009c0      0xa56 src/ASF/sam/drivers/supc/supc.o
 .debug_line    0x00001416      0x96a src/ASF/sam/drivers/wdt/wdt.o
 .debug_line    0x00001d80      0xbc3 src/ASF/thirdparty/freertos/freertos-8.2.3/Source/portable/GCC/ARM_CM7/r0p1/port.o
 .debug_line    0x00002943      0xb0b src/ASF/thirdparty/freertos/freertos-8.2.3/Source/portable/MemMang/heap_1.o
 .debug_line    0x0000344e      0xb11 src/ASF/thirdparty/freertos/freertos-8.2.3/Source/list.o
 .debug_line    0x00003f5f     0x1140 src/ASF/thirdparty/freertos/freertos-8.2.3/Source/queue.o
 .debug_line    0x0000509f     0x1450 src/ASF/thirdparty/freertos/freertos-8.2.3/Source/tasks.o
 .debug_line    0x000064ef      0xd05 src/ASF/thirdparty/freertos/freertos-8.2.3/Source/timers.o
 .debug_line    0x000071f4      0xa90 src/ASF/common/services/clock/sams70/sysclk.o
 .debug_line    0x00007c84      0xde2 src/ASF/sam/drivers/afec/afec.o
 .debug_line    0x00008a66      0xf45 src/ASF/sam/drivers/pio/pio.o
 .debug_line    0x000099ab      0xfba src/ASF/sam/drivers/pmc/pmc.o
 .debug_line    0x0000a965      0xe8d src/ASF/common/boards/user_board/init.o
 .debug_line    0x0000b7f2      0x716 src/ASF/sam/utils/cmsis/sams70/source/templates/gcc/startup_sams70.o
 .debug_line    0x0000bf08      0x73a src/ASF/sam/utils/cmsis/sams70/source/templates/system_sams70.o
 .debug_line    0x0000c642      0xec9 src/main.o

.debug_str      0x00000000    0x7bdf0
 .debug_str     0x00000000    0x6a297 src/ASF/sam/drivers/pio/pio_handler.o
                              0x6a8d3 (size before relaxing)
 .debug_str     0x0006a297      0x2c9 src/ASF/sam/drivers/supc/supc.o
                              0x69f86 (size before relaxing)
 .debug_str     0x0006a560      0x135 src/ASF/sam/drivers/wdt/wdt.o
                              0x69e03 (size before relaxing)
 .debug_str     0x0006a695     0x4797 src/ASF/thirdparty/freertos/freertos-8.2.3/Source/portable/GCC/ARM_CM7/r0p1/port.o
                              0x6e4bc (size before relaxing)
 .debug_str     0x0006ee2c      0x15b src/ASF/thirdparty/freertos/freertos-8.2.3/Source/portable/MemMang/heap_1.o
                              0x6de05 (size before relaxing)
 .debug_str     0x0006ef87      0x152 src/ASF/thirdparty/freertos/freertos-8.2.3/Source/list.o
                              0x6d68f (size before relaxing)
 .debug_str     0x0006f0d9     0x121d src/ASF/thirdparty/freertos/freertos-8.2.3/Source/queue.o
                              0x6f0af (size before relaxing)
 .debug_str     0x000702f6     0x1910 src/ASF/thirdparty/freertos/freertos-8.2.3/Source/tasks.o
                              0x6f86d (size before relaxing)
 .debug_str     0x00071c06      0x499 src/ASF/thirdparty/freertos/freertos-8.2.3/Source/timers.o
                              0x6f4c0 (size before relaxing)
 .debug_str     0x0007209f      0xe4f src/ASF/common/services/clock/sams70/sysclk.o
                              0x6b446 (size before relaxing)
 .debug_str     0x00072eee      0xe90 src/ASF/sam/drivers/afec/afec.o
                              0x6c4de (size before relaxing)
 .debug_str     0x00073d7e      0x7b6 src/ASF/sam/drivers/pio/pio.o
                              0x6aafb (size before relaxing)
 .debug_str     0x00074534      0x76c src/ASF/sam/drivers/pmc/pmc.o
                              0x6aa03 (size before relaxing)
 .debug_str     0x00074ca0     0x617a src/ASF/common/boards/user_board/init.o
                              0x7632a (size before relaxing)
 .debug_str     0x0007ae1a      0x5b4 src/ASF/sam/utils/cmsis/sams70/source/templates/gcc/startup_sams70.o
                              0x5aedc (size before relaxing)
 .debug_str     0x0007b3ce      0x1aa src/ASF/sam/utils/cmsis/sams70/source/templates/system_sams70.o
                              0x5ab55 (size before relaxing)
 .debug_str     0x0007b578      0x878 src/main.o
                              0x76b41 (size before relaxing)

.debug_frame    0x00000000     0x1cfc
 .debug_frame   0x00000000       0xe0 src/ASF/sam/drivers/pio/pio_handler.o
 .debug_frame   0x000000e0      0x140 src/ASF/sam/drivers/supc/supc.o
 .debug_frame   0x00000220       0x7c src/ASF/sam/drivers/wdt/wdt.o
 .debug_frame   0x0000029c       0xf0 src/ASF/thirdparty/freertos/freertos-8.2.3/Source/portable/GCC/ARM_CM7/r0p1/port.o
 .debug_frame   0x0000038c       0x5c src/ASF/thirdparty/freertos/freertos-8.2.3/Source/portable/MemMang/heap_1.o
 .debug_frame   0x000003e8       0x6c src/ASF/thirdparty/freertos/freertos-8.2.3/Source/list.o
 .debug_frame   0x00000454      0x380 src/ASF/thirdparty/freertos/freertos-8.2.3/Source/queue.o
 .debug_frame   0x000007d4      0x53c src/ASF/thirdparty/freertos/freertos-8.2.3/Source/tasks.o
 .debug_frame   0x00000d10      0x1a8 src/ASF/thirdparty/freertos/freertos-8.2.3/Source/timers.o
 .debug_frame   0x00000eb8       0x88 src/ASF/common/services/clock/sams70/sysclk.o
 .debug_frame   0x00000f40      0x1e0 src/ASF/sam/drivers/afec/afec.o
 .debug_frame   0x00001120      0x4ac src/ASF/sam/drivers/pio/pio.o
 .debug_frame   0x000015cc      0x4f8 src/ASF/sam/drivers/pmc/pmc.o
 .debug_frame   0x00001ac4       0x34 src/ASF/common/boards/user_board/init.o
 .debug_frame   0x00001af8       0x38 src/ASF/sam/utils/cmsis/sams70/source/templates/gcc/startup_sams70.o
 .debug_frame   0x00001b30       0x40 src/ASF/sam/utils/cmsis/sams70/source/templates/system_sams70.o
 .debug_frame   0x00001b70       0x54 src/main.o
 .debug_frame   0x00001bc4       0x2c c:/program files (x86)/atmel/studio/7.0/toolchain/arm/arm-gnu-toolchain/bin/../lib/gcc/arm-none-eabi/5.3.1/../../../../arm-none-eabi/lib/armv7e-m\libc.a(lib_a-init.o)
 .debug_frame   0x00001bf0       0x34 c:/program files (x86)/atmel/studio/7.0/toolchain/arm/arm-gnu-toolchain/bin/../lib/gcc/arm-none-eabi/5.3.1/../../../../arm-none-eabi/lib/armv7e-m\libc.a(lib_a-memset.o)
 .debug_frame   0x00001c24       0x50 c:/program files (x86)/atmel/studio/7.0/toolchain/arm/arm-gnu-toolchain/bin/../lib/gcc/arm-none-eabi/5.3.1/../../../../arm-none-eabi/lib/armv7e-m\libc.a(lib_a-__call_atexit.o)
 .debug_frame   0x00001c74       0x20 c:/program files (x86)/atmel/studio/7.0/toolchain/arm/arm-gnu-toolchain/bin/../lib/gcc/arm-none-eabi/5.3.1/../../../../arm-none-eabi/lib/armv7e-m\libc.a(lib_a-atexit.o)
 .debug_frame   0x00001c94       0x34 c:/program files (x86)/atmel/studio/7.0/toolchain/arm/arm-gnu-toolchain/bin/../lib/gcc/arm-none-eabi/5.3.1/../../../../arm-none-eabi/lib/armv7e-m\libc.a(lib_a-fini.o)
 .debug_frame   0x00001cc8       0x34 c:/program files (x86)/atmel/studio/7.0/toolchain/arm/arm-gnu-toolchain/bin/../lib/gcc/arm-none-eabi/5.3.1/../../../../arm-none-eabi/lib/armv7e-m\libc.a(lib_a-__atexit.o)

Cross Reference Table

Symbol                                            File
ACC_Handler                                       src/ASF/sam/utils/cmsis/sams70/source/templates/gcc/startup_sams70.o
AES_Handler                                       src/ASF/sam/utils/cmsis/sams70/source/templates/gcc/startup_sams70.o
AFEC0_Handler                                     src/ASF/sam/drivers/afec/afec.o
AFEC1_Handler                                     src/ASF/sam/drivers/afec/afec.o
BusFault_Handler                                  src/ASF/sam/utils/cmsis/sams70/source/templates/gcc/startup_sams70.o
DebugMon_Handler                                  src/ASF/sam/utils/cmsis/sams70/source/templates/gcc/startup_sams70.o
Dummy_Handler                                     src/ASF/sam/utils/cmsis/sams70/source/templates/gcc/startup_sams70.o
EFC_Handler                                       src/ASF/sam/utils/cmsis/sams70/source/templates/gcc/startup_sams70.o
HSMCI_Handler                                     src/ASF/sam/utils/cmsis/sams70/source/templates/gcc/startup_sams70.o
HardFault_Handler                                 src/ASF/sam/utils/cmsis/sams70/source/templates/gcc/startup_sams70.o
ICM_Handler                                       src/ASF/sam/utils/cmsis/sams70/source/templates/gcc/startup_sams70.o
ISI_Handler                                       src/ASF/sam/utils/cmsis/sams70/source/templates/gcc/startup_sams70.o
MemManage_Handler                                 src/ASF/sam/utils/cmsis/sams70/source/templates/gcc/startup_sams70.o
NMI_Handler                                       src/ASF/sam/utils/cmsis/sams70/source/templates/gcc/startup_sams70.o
PIOA_Handler                                      src/ASF/sam/drivers/pio/pio_handler.o
PIOB_Handler                                      src/ASF/sam/drivers/pio/pio_handler.o
PIOD_Handler                                      src/ASF/sam/drivers/pio/pio_handler.o
PMC_Handler                                       src/ASF/sam/utils/cmsis/sams70/source/templates/gcc/startup_sams70.o
PWM0_Handler                                      src/ASF/sam/utils/cmsis/sams70/source/templates/gcc/startup_sams70.o
PWM1_Handler                                      src/ASF/sam/utils/cmsis/sams70/source/templates/gcc/startup_sams70.o
PendSV_Handler                                    src/ASF/thirdparty/freertos/freertos-8.2.3/Source/portable/GCC/ARM_CM7/r0p1/port.o
QSPI_Handler                                      src/ASF/sam/utils/cmsis/sams70/source/templates/gcc/startup_sams70.o
RSTC_Handler                                      src/ASF/sam/utils/cmsis/sams70/source/templates/gcc/startup_sams70.o
RSWDT_Handler                                     src/ASF/sam/utils/cmsis/sams70/source/templates/gcc/startup_sams70.o
RTC_Handler                                       src/ASF/sam/utils/cmsis/sams70/source/templates/gcc/startup_sams70.o
RTT_Handler                                       src/ASF/sam/utils/cmsis/sams70/source/templates/gcc/startup_sams70.o
Reset_Handler                                     src/ASF/sam/utils/cmsis/sams70/source/templates/gcc/startup_sams70.o
SPI0_Handler                                      src/ASF/sam/utils/cmsis/sams70/source/templates/gcc/startup_sams70.o
SPI1_Handler                                      src/ASF/sam/utils/cmsis/sams70/source/templates/gcc/startup_sams70.o
SSC_Handler                                       src/ASF/sam/utils/cmsis/sams70/source/templates/gcc/startup_sams70.o
SUPC_Handler                                      src/ASF/sam/utils/cmsis/sams70/source/templates/gcc/startup_sams70.o
SVC_Handler                                       src/ASF/thirdparty/freertos/freertos-8.2.3/Source/portable/GCC/ARM_CM7/r0p1/port.o
SysTick_Handler                                   src/ASF/thirdparty/freertos/freertos-8.2.3/Source/portable/GCC/ARM_CM7/r0p1/port.o
SystemCoreClock                                   src/ASF/sam/utils/cmsis/sams70/source/templates/system_sams70.o
SystemCoreClockUpdate                             src/ASF/sam/utils/cmsis/sams70/source/templates/system_sams70.o
                                                  src/ASF/common/services/clock/sams70/sysclk.o
SystemInit                                        src/ASF/sam/utils/cmsis/sams70/source/templates/system_sams70.o
TC0_Handler                                       src/ASF/sam/utils/cmsis/sams70/source/templates/gcc/startup_sams70.o
TC10_Handler                                      src/ASF/sam/utils/cmsis/sams70/source/templates/gcc/startup_sams70.o
TC11_Handler                                      src/ASF/sam/utils/cmsis/sams70/source/templates/gcc/startup_sams70.o
TC1_Handler                                       src/ASF/sam/utils/cmsis/sams70/source/templates/gcc/startup_sams70.o
TC2_Handler                                       src/ASF/sam/utils/cmsis/sams70/source/templates/gcc/startup_sams70.o
TC9_Handler                                       src/ASF/sam/utils/cmsis/sams70/source/templates/gcc/startup_sams70.o
TRNG_Handler                                      src/ASF/sam/utils/cmsis/sams70/source/templates/gcc/startup_sams70.o
TWIHS0_Handler                                    src/ASF/sam/utils/cmsis/sams70/source/templates/gcc/startup_sams70.o
TWIHS1_Handler                                    src/ASF/sam/utils/cmsis/sams70/source/templates/gcc/startup_sams70.o
TWIHS2_Handler                                    src/ASF/sam/utils/cmsis/sams70/source/templates/gcc/startup_sams70.o
Task1                                             src/main.o
UART0_Handler                                     src/ASF/sam/utils/cmsis/sams70/source/templates/gcc/startup_sams70.o
UART1_Handler                                     src/ASF/sam/utils/cmsis/sams70/source/templates/gcc/startup_sams70.o
UART2_Handler                                     src/ASF/sam/utils/cmsis/sams70/source/templates/gcc/startup_sams70.o
UART3_Handler                                     src/ASF/sam/utils/cmsis/sams70/source/templates/gcc/startup_sams70.o
UART4_Handler                                     src/ASF/sam/utils/cmsis/sams70/source/templates/gcc/startup_sams70.o
USART0_Handler                                    src/ASF/sam/utils/cmsis/sams70/source/templates/gcc/startup_sams70.o
USART1_Handler                                    src/ASF/sam/utils/cmsis/sams70/source/templates/gcc/startup_sams70.o
USART2_Handler                                    src/ASF/sam/utils/cmsis/sams70/source/templates/gcc/startup_sams70.o
USBHS_Handler                                     src/ASF/sam/utils/cmsis/sams70/source/templates/gcc/startup_sams70.o
UsageFault_Handler                                src/ASF/sam/utils/cmsis/sams70/source/templates/gcc/startup_sams70.o
WDT_Handler                                       src/ASF/sam/utils/cmsis/sams70/source/templates/gcc/startup_sams70.o
XDMAC_Handler                                     src/ASF/sam/utils/cmsis/sams70/source/templates/gcc/startup_sams70.o
_Balloc                                           c:/program files (x86)/atmel/studio/7.0/toolchain/arm/arm-gnu-toolchain/bin/../lib/gcc/arm-none-eabi/5.3.1/../../../../arm-none-eabi/lib/armv7e-m\libc.a(lib_a-mprec.o)
                                                  c:/program files (x86)/atmel/studio/7.0/toolchain/arm/arm-gnu-toolchain/bin/../lib/gcc/arm-none-eabi/5.3.1/../../../../arm-none-eabi/lib/armv7e-m\libc.a(lib_a-dtoa.o)
_Bfree                                            c:/program files (x86)/atmel/studio/7.0/toolchain/arm/arm-gnu-toolchain/bin/../lib/gcc/arm-none-eabi/5.3.1/../../../../arm-none-eabi/lib/armv7e-m\libc.a(lib_a-mprec.o)
                                                  c:/program files (x86)/atmel/studio/7.0/toolchain/arm/arm-gnu-toolchain/bin/../lib/gcc/arm-none-eabi/5.3.1/../../../../arm-none-eabi/lib/armv7e-m\libc.a(lib_a-dtoa.o)
_Jv_RegisterClasses                               c:/program files (x86)/atmel/studio/7.0/toolchain/arm/arm-gnu-toolchain/bin/../lib/gcc/arm-none-eabi/5.3.1/armv7e-m/crtbegin.o
_PathLocale                                       c:/program files (x86)/atmel/studio/7.0/toolchain/arm/arm-gnu-toolchain/bin/../lib/gcc/arm-none-eabi/5.3.1/../../../../arm-none-eabi/lib/armv7e-m\libc.a(lib_a-locale.o)
__adddf3                                          c:/program files (x86)/atmel/studio/7.0/toolchain/arm/arm-gnu-toolchain/bin/../lib/gcc/arm-none-eabi/5.3.1/armv7e-m\libgcc.a(_arm_addsubdf3.o)
__aeabi_cdcmpeq                                   c:/program files (x86)/atmel/studio/7.0/toolchain/arm/arm-gnu-toolchain/bin/../lib/gcc/arm-none-eabi/5.3.1/armv7e-m\libgcc.a(_arm_cmpdf2.o)
__aeabi_cdcmple                                   c:/program files (x86)/atmel/studio/7.0/toolchain/arm/arm-gnu-toolchain/bin/../lib/gcc/arm-none-eabi/5.3.1/armv7e-m\libgcc.a(_arm_cmpdf2.o)
__aeabi_cdrcmple                                  c:/program files (x86)/atmel/studio/7.0/toolchain/arm/arm-gnu-toolchain/bin/../lib/gcc/arm-none-eabi/5.3.1/armv7e-m\libgcc.a(_arm_cmpdf2.o)
__aeabi_d2iz                                      c:/program files (x86)/atmel/studio/7.0/toolchain/arm/arm-gnu-toolchain/bin/../lib/gcc/arm-none-eabi/5.3.1/armv7e-m\libgcc.a(_arm_fixdfsi.o)
                                                  c:/program files (x86)/atmel/studio/7.0/toolchain/arm/arm-gnu-toolchain/bin/../lib/gcc/arm-none-eabi/5.3.1/../../../../arm-none-eabi/lib/armv7e-m\libc.a(lib_a-dtoa.o)
__aeabi_dadd                                      c:/program files (x86)/atmel/studio/7.0/toolchain/arm/arm-gnu-toolchain/bin/../lib/gcc/arm-none-eabi/5.3.1/armv7e-m\libgcc.a(_arm_addsubdf3.o)
                                                  c:/program files (x86)/atmel/studio/7.0/toolchain/arm/arm-gnu-toolchain/bin/../lib/gcc/arm-none-eabi/5.3.1/../../../../arm-none-eabi/lib/armv7e-m\libc.a(lib_a-dtoa.o)
__aeabi_dcmpeq                                    c:/program files (x86)/atmel/studio/7.0/toolchain/arm/arm-gnu-toolchain/bin/../lib/gcc/arm-none-eabi/5.3.1/armv7e-m\libgcc.a(_arm_cmpdf2.o)
                                                  c:/program files (x86)/atmel/studio/7.0/toolchain/arm/arm-gnu-toolchain/bin/../lib/gcc/arm-none-eabi/5.3.1/../../../../arm-none-eabi/lib/armv7e-m\libc.a(lib_a-dtoa.o)
                                                  c:/program files (x86)/atmel/studio/7.0/toolchain/arm/arm-gnu-toolchain/bin/../lib/gcc/arm-none-eabi/5.3.1/../../../../arm-none-eabi/lib/armv7e-m\libc.a(lib_a-svfprintf.o)
__aeabi_dcmpge                                    c:/program files (x86)/atmel/studio/7.0/toolchain/arm/arm-gnu-toolchain/bin/../lib/gcc/arm-none-eabi/5.3.1/armv7e-m\libgcc.a(_arm_cmpdf2.o)
                                                  c:/program files (x86)/atmel/studio/7.0/toolchain/arm/arm-gnu-toolchain/bin/../lib/gcc/arm-none-eabi/5.3.1/../../../../arm-none-eabi/lib/armv7e-m\libc.a(lib_a-dtoa.o)
__aeabi_dcmpgt                                    c:/program files (x86)/atmel/studio/7.0/toolchain/arm/arm-gnu-toolchain/bin/../lib/gcc/arm-none-eabi/5.3.1/armv7e-m\libgcc.a(_arm_cmpdf2.o)
                                                  c:/program files (x86)/atmel/studio/7.0/toolchain/arm/arm-gnu-toolchain/bin/../lib/gcc/arm-none-eabi/5.3.1/../../../../arm-none-eabi/lib/armv7e-m\libc.a(lib_a-dtoa.o)
__aeabi_dcmple                                    c:/program files (x86)/atmel/studio/7.0/toolchain/arm/arm-gnu-toolchain/bin/../lib/gcc/arm-none-eabi/5.3.1/armv7e-m\libgcc.a(_arm_cmpdf2.o)
                                                  c:/program files (x86)/atmel/studio/7.0/toolchain/arm/arm-gnu-toolchain/bin/../lib/gcc/arm-none-eabi/5.3.1/../../../../arm-none-eabi/lib/armv7e-m\libc.a(lib_a-svfprintf.o)
__aeabi_dcmplt                                    c:/program files (x86)/atmel/studio/7.0/toolchain/arm/arm-gnu-toolchain/bin/../lib/gcc/arm-none-eabi/5.3.1/armv7e-m\libgcc.a(_arm_cmpdf2.o)
                                                  c:/program files (x86)/atmel/studio/7.0/toolchain/arm/arm-gnu-toolchain/bin/../lib/gcc/arm-none-eabi/5.3.1/../../../../arm-none-eabi/lib/armv7e-m\libc.a(lib_a-dtoa.o)
                                                  c:/program files (x86)/atmel/studio/7.0/toolchain/arm/arm-gnu-toolchain/bin/../lib/gcc/arm-none-eabi/5.3.1/../../../../arm-none-eabi/lib/armv7e-m\libc.a(lib_a-svfprintf.o)
__aeabi_dcmpun                                    c:/program files (x86)/atmel/studio/7.0/toolchain/arm/arm-gnu-toolchain/bin/../lib/gcc/arm-none-eabi/5.3.1/armv7e-m\libgcc.a(_arm_unorddf2.o)
                                                  c:/program files (x86)/atmel/studio/7.0/toolchain/arm/arm-gnu-toolchain/bin/../lib/gcc/arm-none-eabi/5.3.1/../../../../arm-none-eabi/lib/armv7e-m\libc.a(lib_a-svfprintf.o)
__aeabi_ddiv                                      c:/program files (x86)/atmel/studio/7.0/toolchain/arm/arm-gnu-toolchain/bin/../lib/gcc/arm-none-eabi/5.3.1/armv7e-m\libgcc.a(_arm_muldivdf3.o)
                                                  c:/program files (x86)/atmel/studio/7.0/toolchain/arm/arm-gnu-toolchain/bin/../lib/gcc/arm-none-eabi/5.3.1/../../../../arm-none-eabi/lib/armv7e-m\libc.a(lib_a-mprec.o)
                                                  c:/program files (x86)/atmel/studio/7.0/toolchain/arm/arm-gnu-toolchain/bin/../lib/gcc/arm-none-eabi/5.3.1/../../../../arm-none-eabi/lib/armv7e-m\libc.a(lib_a-dtoa.o)
__aeabi_dmul                                      c:/program files (x86)/atmel/studio/7.0/toolchain/arm/arm-gnu-toolchain/bin/../lib/gcc/arm-none-eabi/5.3.1/armv7e-m\libgcc.a(_arm_muldivdf3.o)
                                                  c:/program files (x86)/atmel/studio/7.0/toolchain/arm/arm-gnu-toolchain/bin/../lib/gcc/arm-none-eabi/5.3.1/../../../../arm-none-eabi/lib/armv7e-m\libc.a(lib_a-mprec.o)
                                                  c:/program files (x86)/atmel/studio/7.0/toolchain/arm/arm-gnu-toolchain/bin/../lib/gcc/arm-none-eabi/5.3.1/../../../../arm-none-eabi/lib/armv7e-m\libc.a(lib_a-dtoa.o)
__aeabi_drsub                                     c:/program files (x86)/atmel/studio/7.0/toolchain/arm/arm-gnu-toolchain/bin/../lib/gcc/arm-none-eabi/5.3.1/armv7e-m\libgcc.a(_arm_addsubdf3.o)
__aeabi_dsub                                      c:/program files (x86)/atmel/studio/7.0/toolchain/arm/arm-gnu-toolchain/bin/../lib/gcc/arm-none-eabi/5.3.1/armv7e-m\libgcc.a(_arm_addsubdf3.o)
                                                  c:/program files (x86)/atmel/studio/7.0/toolchain/arm/arm-gnu-toolchain/bin/../lib/gcc/arm-none-eabi/5.3.1/../../../../arm-none-eabi/lib/armv7e-m\libc.a(lib_a-dtoa.o)
__aeabi_f2d                                       c:/program files (x86)/atmel/studio/7.0/toolchain/arm/arm-gnu-toolchain/bin/../lib/gcc/arm-none-eabi/5.3.1/armv7e-m\libgcc.a(_arm_addsubdf3.o)
__aeabi_i2d                                       c:/program files (x86)/atmel/studio/7.0/toolchain/arm/arm-gnu-toolchain/bin/../lib/gcc/arm-none-eabi/5.3.1/armv7e-m\libgcc.a(_arm_addsubdf3.o)
                                                  c:/program files (x86)/atmel/studio/7.0/toolchain/arm/arm-gnu-toolchain/bin/../lib/gcc/arm-none-eabi/5.3.1/../../../../arm-none-eabi/lib/armv7e-m\libc.a(lib_a-dtoa.o)
__aeabi_idiv0                                     c:/program files (x86)/atmel/studio/7.0/toolchain/arm/arm-gnu-toolchain/bin/../lib/gcc/arm-none-eabi/5.3.1/armv7e-m\libgcc.a(_dvmd_tls.o)
__aeabi_l2d                                       c:/program files (x86)/atmel/studio/7.0/toolchain/arm/arm-gnu-toolchain/bin/../lib/gcc/arm-none-eabi/5.3.1/armv7e-m\libgcc.a(_arm_addsubdf3.o)
__aeabi_ldiv0                                     c:/program files (x86)/atmel/studio/7.0/toolchain/arm/arm-gnu-toolchain/bin/../lib/gcc/arm-none-eabi/5.3.1/armv7e-m\libgcc.a(_dvmd_tls.o)
                                                  c:/program files (x86)/atmel/studio/7.0/toolchain/arm/arm-gnu-toolchain/bin/../lib/gcc/arm-none-eabi/5.3.1/armv7e-m\libgcc.a(_aeabi_uldivmod.o)
__aeabi_ui2d                                      c:/program files (x86)/atmel/studio/7.0/toolchain/arm/arm-gnu-toolchain/bin/../lib/gcc/arm-none-eabi/5.3.1/armv7e-m\libgcc.a(_arm_addsubdf3.o)
                                                  c:/program files (x86)/atmel/studio/7.0/toolchain/arm/arm-gnu-toolchain/bin/../lib/gcc/arm-none-eabi/5.3.1/../../../../arm-none-eabi/lib/armv7e-m\libc.a(lib_a-dtoa.o)
__aeabi_ul2d                                      c:/program files (x86)/atmel/studio/7.0/toolchain/arm/arm-gnu-toolchain/bin/../lib/gcc/arm-none-eabi/5.3.1/armv7e-m\libgcc.a(_arm_addsubdf3.o)
__aeabi_uldivmod                                  c:/program files (x86)/atmel/studio/7.0/toolchain/arm/arm-gnu-toolchain/bin/../lib/gcc/arm-none-eabi/5.3.1/armv7e-m\libgcc.a(_aeabi_uldivmod.o)
                                                  c:/program files (x86)/atmel/studio/7.0/toolchain/arm/arm-gnu-toolchain/bin/../lib/gcc/arm-none-eabi/5.3.1/../../../../arm-none-eabi/lib/armv7e-m\libc.a(lib_a-svfiprintf.o)
                                                  c:/program files (x86)/atmel/studio/7.0/toolchain/arm/arm-gnu-toolchain/bin/../lib/gcc/arm-none-eabi/5.3.1/../../../../arm-none-eabi/lib/armv7e-m\libc.a(lib_a-vfiprintf.o)
                                                  c:/program files (x86)/atmel/studio/7.0/toolchain/arm/arm-gnu-toolchain/bin/../lib/gcc/arm-none-eabi/5.3.1/../../../../arm-none-eabi/lib/armv7e-m\libc.a(lib_a-svfprintf.o)
__any_on                                          c:/program files (x86)/atmel/studio/7.0/toolchain/arm/arm-gnu-toolchain/bin/../lib/gcc/arm-none-eabi/5.3.1/../../../../arm-none-eabi/lib/armv7e-m\libc.a(lib_a-mprec.o)
__ascii_wctomb                                    c:/program files (x86)/atmel/studio/7.0/toolchain/arm/arm-gnu-toolchain/bin/../lib/gcc/arm-none-eabi/5.3.1/../../../../arm-none-eabi/lib/armv7e-m\libc.a(lib_a-wctomb_r.o)
__b2d                                             c:/program files (x86)/atmel/studio/7.0/toolchain/arm/arm-gnu-toolchain/bin/../lib/gcc/arm-none-eabi/5.3.1/../../../../arm-none-eabi/lib/armv7e-m\libc.a(lib_a-mprec.o)
__bss_end__                                       c:/program files (x86)/atmel/studio/7.0/toolchain/arm/arm-gnu-toolchain/bin/../lib/gcc/arm-none-eabi/5.3.1/../../../../arm-none-eabi/lib/armv7e-m/crt0.o
__bss_start__                                     c:/program files (x86)/atmel/studio/7.0/toolchain/arm/arm-gnu-toolchain/bin/../lib/gcc/arm-none-eabi/5.3.1/../../../../arm-none-eabi/lib/armv7e-m/crt0.o
__call_exitprocs                                  c:/program files (x86)/atmel/studio/7.0/toolchain/arm/arm-gnu-toolchain/bin/../lib/gcc/arm-none-eabi/5.3.1/../../../../arm-none-eabi/lib/armv7e-m\libc.a(lib_a-__call_atexit.o)
                                                  c:/program files (x86)/atmel/studio/7.0/toolchain/arm/arm-gnu-toolchain/bin/../lib/gcc/arm-none-eabi/5.3.1/../../../../arm-none-eabi/lib/armv7e-m\libc.a(lib_a-exit.o)
__cmpdf2                                          c:/program files (x86)/atmel/studio/7.0/toolchain/arm/arm-gnu-toolchain/bin/../lib/gcc/arm-none-eabi/5.3.1/armv7e-m\libgcc.a(_arm_cmpdf2.o)
__copybits                                        c:/program files (x86)/atmel/studio/7.0/toolchain/arm/arm-gnu-toolchain/bin/../lib/gcc/arm-none-eabi/5.3.1/../../../../arm-none-eabi/lib/armv7e-m\libc.a(lib_a-mprec.o)
__d2b                                             c:/program files (x86)/atmel/studio/7.0/toolchain/arm/arm-gnu-toolchain/bin/../lib/gcc/arm-none-eabi/5.3.1/../../../../arm-none-eabi/lib/armv7e-m\libc.a(lib_a-mprec.o)
                                                  c:/program files (x86)/atmel/studio/7.0/toolchain/arm/arm-gnu-toolchain/bin/../lib/gcc/arm-none-eabi/5.3.1/../../../../arm-none-eabi/lib/armv7e-m\libc.a(lib_a-dtoa.o)
__deregister_frame_info                           c:/program files (x86)/atmel/studio/7.0/toolchain/arm/arm-gnu-toolchain/bin/../lib/gcc/arm-none-eabi/5.3.1/armv7e-m/crtbegin.o
__divdf3                                          c:/program files (x86)/atmel/studio/7.0/toolchain/arm/arm-gnu-toolchain/bin/../lib/gcc/arm-none-eabi/5.3.1/armv7e-m\libgcc.a(_arm_muldivdf3.o)
__dso_handle                                      c:/program files (x86)/atmel/studio/7.0/toolchain/arm/arm-gnu-toolchain/bin/../lib/gcc/arm-none-eabi/5.3.1/armv7e-m/crtbegin.o
__eqdf2                                           c:/program files (x86)/atmel/studio/7.0/toolchain/arm/arm-gnu-toolchain/bin/../lib/gcc/arm-none-eabi/5.3.1/armv7e-m\libgcc.a(_arm_cmpdf2.o)
__extendsfdf2                                     c:/program files (x86)/atmel/studio/7.0/toolchain/arm/arm-gnu-toolchain/bin/../lib/gcc/arm-none-eabi/5.3.1/armv7e-m\libgcc.a(_arm_addsubdf3.o)
__fini_array_end                                  c:/program files (x86)/atmel/studio/7.0/toolchain/arm/arm-gnu-toolchain/bin/../lib/gcc/arm-none-eabi/5.3.1/../../../../arm-none-eabi/lib/armv7e-m\libc.a(lib_a-fini.o)
__fini_array_start                                c:/program files (x86)/atmel/studio/7.0/toolchain/arm/arm-gnu-toolchain/bin/../lib/gcc/arm-none-eabi/5.3.1/../../../../arm-none-eabi/lib/armv7e-m\libc.a(lib_a-fini.o)
__fixdfsi                                         c:/program files (x86)/atmel/studio/7.0/toolchain/arm/arm-gnu-toolchain/bin/../lib/gcc/arm-none-eabi/5.3.1/armv7e-m\libgcc.a(_arm_fixdfsi.o)
__floatdidf                                       c:/program files (x86)/atmel/studio/7.0/toolchain/arm/arm-gnu-toolchain/bin/../lib/gcc/arm-none-eabi/5.3.1/armv7e-m\libgcc.a(_arm_addsubdf3.o)
__floatsidf                                       c:/program files (x86)/atmel/studio/7.0/toolchain/arm/arm-gnu-toolchain/bin/../lib/gcc/arm-none-eabi/5.3.1/armv7e-m\libgcc.a(_arm_addsubdf3.o)
__floatundidf                                     c:/program files (x86)/atmel/studio/7.0/toolchain/arm/arm-gnu-toolchain/bin/../lib/gcc/arm-none-eabi/5.3.1/armv7e-m\libgcc.a(_arm_addsubdf3.o)
__floatunsidf                                     c:/program files (x86)/atmel/studio/7.0/toolchain/arm/arm-gnu-toolchain/bin/../lib/gcc/arm-none-eabi/5.3.1/armv7e-m\libgcc.a(_arm_addsubdf3.o)
__fp_lock_all                                     c:/program files (x86)/atmel/studio/7.0/toolchain/arm/arm-gnu-toolchain/bin/../lib/gcc/arm-none-eabi/5.3.1/../../../../arm-none-eabi/lib/armv7e-m\libc.a(lib_a-findfp.o)
__fp_unlock_all                                   c:/program files (x86)/atmel/studio/7.0/toolchain/arm/arm-gnu-toolchain/bin/../lib/gcc/arm-none-eabi/5.3.1/../../../../arm-none-eabi/lib/armv7e-m\libc.a(lib_a-findfp.o)
__fputwc                                          c:/program files (x86)/atmel/studio/7.0/toolchain/arm/arm-gnu-toolchain/bin/../lib/gcc/arm-none-eabi/5.3.1/../../../../arm-none-eabi/lib/armv7e-m\libc.a(lib_a-fputwc.o)
__gedf2                                           c:/program files (x86)/atmel/studio/7.0/toolchain/arm/arm-gnu-toolchain/bin/../lib/gcc/arm-none-eabi/5.3.1/armv7e-m\libgcc.a(_arm_cmpdf2.o)
__gtdf2                                           c:/program files (x86)/atmel/studio/7.0/toolchain/arm/arm-gnu-toolchain/bin/../lib/gcc/arm-none-eabi/5.3.1/armv7e-m\libgcc.a(_arm_cmpdf2.o)
__hi0bits                                         c:/program files (x86)/atmel/studio/7.0/toolchain/arm/arm-gnu-toolchain/bin/../lib/gcc/arm-none-eabi/5.3.1/../../../../arm-none-eabi/lib/armv7e-m\libc.a(lib_a-mprec.o)
                                                  c:/program files (x86)/atmel/studio/7.0/toolchain/arm/arm-gnu-toolchain/bin/../lib/gcc/arm-none-eabi/5.3.1/../../../../arm-none-eabi/lib/armv7e-m\libc.a(lib_a-dtoa.o)
__i2b                                             c:/program files (x86)/atmel/studio/7.0/toolchain/arm/arm-gnu-toolchain/bin/../lib/gcc/arm-none-eabi/5.3.1/../../../../arm-none-eabi/lib/armv7e-m\libc.a(lib_a-mprec.o)
                                                  c:/program files (x86)/atmel/studio/7.0/toolchain/arm/arm-gnu-toolchain/bin/../lib/gcc/arm-none-eabi/5.3.1/../../../../arm-none-eabi/lib/armv7e-m\libc.a(lib_a-dtoa.o)
__init_array_end                                  c:/program files (x86)/atmel/studio/7.0/toolchain/arm/arm-gnu-toolchain/bin/../lib/gcc/arm-none-eabi/5.3.1/../../../../arm-none-eabi/lib/armv7e-m\libc.a(lib_a-init.o)
__init_array_start                                c:/program files (x86)/atmel/studio/7.0/toolchain/arm/arm-gnu-toolchain/bin/../lib/gcc/arm-none-eabi/5.3.1/../../../../arm-none-eabi/lib/armv7e-m\libc.a(lib_a-init.o)
__ledf2                                           c:/program files (x86)/atmel/studio/7.0/toolchain/arm/arm-gnu-toolchain/bin/../lib/gcc/arm-none-eabi/5.3.1/armv7e-m\libgcc.a(_arm_cmpdf2.o)
__libc_fini                                       c:/program files (x86)/atmel/studio/7.0/toolchain/arm/arm-gnu-toolchain/bin/../lib/gcc/arm-none-eabi/5.3.1/../../../../arm-none-eabi/lib/armv7e-m\libc.a(lib_a-__call_atexit.o)
__libc_fini_array                                 c:/program files (x86)/atmel/studio/7.0/toolchain/arm/arm-gnu-toolchain/bin/../lib/gcc/arm-none-eabi/5.3.1/../../../../arm-none-eabi/lib/armv7e-m\libc.a(lib_a-fini.o)
                                                  c:/program files (x86)/atmel/studio/7.0/toolchain/arm/arm-gnu-toolchain/bin/../lib/gcc/arm-none-eabi/5.3.1/../../../../arm-none-eabi/lib/armv7e-m\libc.a(lib_a-__call_atexit.o)
                                                  c:/program files (x86)/atmel/studio/7.0/toolchain/arm/arm-gnu-toolchain/bin/../lib/gcc/arm-none-eabi/5.3.1/../../../../arm-none-eabi/lib/armv7e-m/crt0.o
__libc_init_array                                 c:/program files (x86)/atmel/studio/7.0/toolchain/arm/arm-gnu-toolchain/bin/../lib/gcc/arm-none-eabi/5.3.1/../../../../arm-none-eabi/lib/armv7e-m\libc.a(lib_a-init.o)
                                                  src/ASF/sam/utils/cmsis/sams70/source/templates/gcc/startup_sams70.o
                                                  c:/program files (x86)/atmel/studio/7.0/toolchain/arm/arm-gnu-toolchain/bin/../lib/gcc/arm-none-eabi/5.3.1/../../../../arm-none-eabi/lib/armv7e-m/crt0.o
__lo0bits                                         c:/program files (x86)/atmel/studio/7.0/toolchain/arm/arm-gnu-toolchain/bin/../lib/gcc/arm-none-eabi/5.3.1/../../../../arm-none-eabi/lib/armv7e-m\libc.a(lib_a-mprec.o)
__locale_charset                                  c:/program files (x86)/atmel/studio/7.0/toolchain/arm/arm-gnu-toolchain/bin/../lib/gcc/arm-none-eabi/5.3.1/../../../../arm-none-eabi/lib/armv7e-m\libc.a(lib_a-locale.o)
                                                  c:/program files (x86)/atmel/studio/7.0/toolchain/arm/arm-gnu-toolchain/bin/../lib/gcc/arm-none-eabi/5.3.1/../../../../arm-none-eabi/lib/armv7e-m\libc.a(lib_a-wctomb_r.o)
                                                  c:/program files (x86)/atmel/studio/7.0/toolchain/arm/arm-gnu-toolchain/bin/../lib/gcc/arm-none-eabi/5.3.1/../../../../arm-none-eabi/lib/armv7e-m\libc.a(lib_a-wcrtomb.o)
__locale_cjk_lang                                 c:/program files (x86)/atmel/studio/7.0/toolchain/arm/arm-gnu-toolchain/bin/../lib/gcc/arm-none-eabi/5.3.1/../../../../arm-none-eabi/lib/armv7e-m\libc.a(lib_a-locale.o)
__locale_mb_cur_max                               c:/program files (x86)/atmel/studio/7.0/toolchain/arm/arm-gnu-toolchain/bin/../lib/gcc/arm-none-eabi/5.3.1/../../../../arm-none-eabi/lib/armv7e-m\libc.a(lib_a-locale.o)
                                                  c:/program files (x86)/atmel/studio/7.0/toolchain/arm/arm-gnu-toolchain/bin/../lib/gcc/arm-none-eabi/5.3.1/../../../../arm-none-eabi/lib/armv7e-m\libc.a(lib_a-fputwc.o)
__locale_msgcharset                               c:/program files (x86)/atmel/studio/7.0/toolchain/arm/arm-gnu-toolchain/bin/../lib/gcc/arm-none-eabi/5.3.1/../../../../arm-none-eabi/lib/armv7e-m\libc.a(lib_a-locale.o)
__lshift                                          c:/program files (x86)/atmel/studio/7.0/toolchain/arm/arm-gnu-toolchain/bin/../lib/gcc/arm-none-eabi/5.3.1/../../../../arm-none-eabi/lib/armv7e-m\libc.a(lib_a-mprec.o)
                                                  c:/program files (x86)/atmel/studio/7.0/toolchain/arm/arm-gnu-toolchain/bin/../lib/gcc/arm-none-eabi/5.3.1/../../../../arm-none-eabi/lib/armv7e-m\libc.a(lib_a-dtoa.o)
__ltdf2                                           c:/program files (x86)/atmel/studio/7.0/toolchain/arm/arm-gnu-toolchain/bin/../lib/gcc/arm-none-eabi/5.3.1/armv7e-m\libgcc.a(_arm_cmpdf2.o)
__malloc_av_                                      c:/program files (x86)/atmel/studio/7.0/toolchain/arm/arm-gnu-toolchain/bin/../lib/gcc/arm-none-eabi/5.3.1/../../../../arm-none-eabi/lib/armv7e-m\libc.a(lib_a-mallocr.o)
                                                  c:/program files (x86)/atmel/studio/7.0/toolchain/arm/arm-gnu-toolchain/bin/../lib/gcc/arm-none-eabi/5.3.1/../../../../arm-none-eabi/lib/armv7e-m\libc.a(lib_a-reallocr.o)
                                                  c:/program files (x86)/atmel/studio/7.0/toolchain/arm/arm-gnu-toolchain/bin/../lib/gcc/arm-none-eabi/5.3.1/../../../../arm-none-eabi/lib/armv7e-m\libc.a(lib_a-freer.o)
__malloc_current_mallinfo                         c:/program files (x86)/atmel/studio/7.0/toolchain/arm/arm-gnu-toolchain/bin/../lib/gcc/arm-none-eabi/5.3.1/../../../../arm-none-eabi/lib/armv7e-m\libc.a(lib_a-mallocr.o)
                                                  c:/program files (x86)/atmel/studio/7.0/toolchain/arm/arm-gnu-toolchain/bin/../lib/gcc/arm-none-eabi/5.3.1/../../../../arm-none-eabi/lib/armv7e-m\libc.a(lib_a-freer.o)
__malloc_lock                                     c:/program files (x86)/atmel/studio/7.0/toolchain/arm/arm-gnu-toolchain/bin/../lib/gcc/arm-none-eabi/5.3.1/../../../../arm-none-eabi/lib/armv7e-m\libc.a(lib_a-mlock.o)
                                                  c:/program files (x86)/atmel/studio/7.0/toolchain/arm/arm-gnu-toolchain/bin/../lib/gcc/arm-none-eabi/5.3.1/../../../../arm-none-eabi/lib/armv7e-m\libc.a(lib_a-reallocr.o)
                                                  c:/program files (x86)/atmel/studio/7.0/toolchain/arm/arm-gnu-toolchain/bin/../lib/gcc/arm-none-eabi/5.3.1/../../../../arm-none-eabi/lib/armv7e-m\libc.a(lib_a-mallocr.o)
                                                  c:/program files (x86)/atmel/studio/7.0/toolchain/arm/arm-gnu-toolchain/bin/../lib/gcc/arm-none-eabi/5.3.1/../../../../arm-none-eabi/lib/armv7e-m\libc.a(lib_a-freer.o)
__malloc_max_sbrked_mem                           c:/program files (x86)/atmel/studio/7.0/toolchain/arm/arm-gnu-toolchain/bin/../lib/gcc/arm-none-eabi/5.3.1/../../../../arm-none-eabi/lib/armv7e-m\libc.a(lib_a-mallocr.o)
__malloc_max_total_mem                            c:/program files (x86)/atmel/studio/7.0/toolchain/arm/arm-gnu-toolchain/bin/../lib/gcc/arm-none-eabi/5.3.1/../../../../arm-none-eabi/lib/armv7e-m\libc.a(lib_a-mallocr.o)
__malloc_sbrk_base                                c:/program files (x86)/atmel/studio/7.0/toolchain/arm/arm-gnu-toolchain/bin/../lib/gcc/arm-none-eabi/5.3.1/../../../../arm-none-eabi/lib/armv7e-m\libc.a(lib_a-mallocr.o)
                                                  c:/program files (x86)/atmel/studio/7.0/toolchain/arm/arm-gnu-toolchain/bin/../lib/gcc/arm-none-eabi/5.3.1/../../../../arm-none-eabi/lib/armv7e-m\libc.a(lib_a-freer.o)
__malloc_top_pad                                  c:/program files (x86)/atmel/studio/7.0/toolchain/arm/arm-gnu-toolchain/bin/../lib/gcc/arm-none-eabi/5.3.1/../../../../arm-none-eabi/lib/armv7e-m\libc.a(lib_a-mallocr.o)
                                                  c:/program files (x86)/atmel/studio/7.0/toolchain/arm/arm-gnu-toolchain/bin/../lib/gcc/arm-none-eabi/5.3.1/../../../../arm-none-eabi/lib/armv7e-m\libc.a(lib_a-freer.o)
__malloc_trim_threshold                           c:/program files (x86)/atmel/studio/7.0/toolchain/arm/arm-gnu-toolchain/bin/../lib/gcc/arm-none-eabi/5.3.1/../../../../arm-none-eabi/lib/armv7e-m\libc.a(lib_a-mallocr.o)
                                                  c:/program files (x86)/atmel/studio/7.0/toolchain/arm/arm-gnu-toolchain/bin/../lib/gcc/arm-none-eabi/5.3.1/../../../../arm-none-eabi/lib/armv7e-m\libc.a(lib_a-freer.o)
__malloc_unlock                                   c:/program files (x86)/atmel/studio/7.0/toolchain/arm/arm-gnu-toolchain/bin/../lib/gcc/arm-none-eabi/5.3.1/../../../../arm-none-eabi/lib/armv7e-m\libc.a(lib_a-mlock.o)
                                                  c:/program files (x86)/atmel/studio/7.0/toolchain/arm/arm-gnu-toolchain/bin/../lib/gcc/arm-none-eabi/5.3.1/../../../../arm-none-eabi/lib/armv7e-m\libc.a(lib_a-reallocr.o)
                                                  c:/program files (x86)/atmel/studio/7.0/toolchain/arm/arm-gnu-toolchain/bin/../lib/gcc/arm-none-eabi/5.3.1/../../../../arm-none-eabi/lib/armv7e-m\libc.a(lib_a-mallocr.o)
                                                  c:/program files (x86)/atmel/studio/7.0/toolchain/arm/arm-gnu-toolchain/bin/../lib/gcc/arm-none-eabi/5.3.1/../../../../arm-none-eabi/lib/armv7e-m\libc.a(lib_a-freer.o)
__mb_cur_max                                      c:/program files (x86)/atmel/studio/7.0/toolchain/arm/arm-gnu-toolchain/bin/../lib/gcc/arm-none-eabi/5.3.1/../../../../arm-none-eabi/lib/armv7e-m\libc.a(lib_a-locale.o)
__mcmp                                            c:/program files (x86)/atmel/studio/7.0/toolchain/arm/arm-gnu-toolchain/bin/../lib/gcc/arm-none-eabi/5.3.1/../../../../arm-none-eabi/lib/armv7e-m\libc.a(lib_a-mprec.o)
                                                  c:/program files (x86)/atmel/studio/7.0/toolchain/arm/arm-gnu-toolchain/bin/../lib/gcc/arm-none-eabi/5.3.1/../../../../arm-none-eabi/lib/armv7e-m\libc.a(lib_a-dtoa.o)
__mdiff                                           c:/program files (x86)/atmel/studio/7.0/toolchain/arm/arm-gnu-toolchain/bin/../lib/gcc/arm-none-eabi/5.3.1/../../../../arm-none-eabi/lib/armv7e-m\libc.a(lib_a-mprec.o)
                                                  c:/program files (x86)/atmel/studio/7.0/toolchain/arm/arm-gnu-toolchain/bin/../lib/gcc/arm-none-eabi/5.3.1/../../../../arm-none-eabi/lib/armv7e-m\libc.a(lib_a-dtoa.o)
__mlocale_changed                                 c:/program files (x86)/atmel/studio/7.0/toolchain/arm/arm-gnu-toolchain/bin/../lib/gcc/arm-none-eabi/5.3.1/../../../../arm-none-eabi/lib/armv7e-m\libc.a(lib_a-locale.o)
__mprec_bigtens                                   c:/program files (x86)/atmel/studio/7.0/toolchain/arm/arm-gnu-toolchain/bin/../lib/gcc/arm-none-eabi/5.3.1/../../../../arm-none-eabi/lib/armv7e-m\libc.a(lib_a-mprec.o)
                                                  c:/program files (x86)/atmel/studio/7.0/toolchain/arm/arm-gnu-toolchain/bin/../lib/gcc/arm-none-eabi/5.3.1/../../../../arm-none-eabi/lib/armv7e-m\libc.a(lib_a-dtoa.o)
__mprec_tens                                      c:/program files (x86)/atmel/studio/7.0/toolchain/arm/arm-gnu-toolchain/bin/../lib/gcc/arm-none-eabi/5.3.1/../../../../arm-none-eabi/lib/armv7e-m\libc.a(lib_a-mprec.o)
                                                  c:/program files (x86)/atmel/studio/7.0/toolchain/arm/arm-gnu-toolchain/bin/../lib/gcc/arm-none-eabi/5.3.1/../../../../arm-none-eabi/lib/armv7e-m\libc.a(lib_a-dtoa.o)
__mprec_tinytens                                  c:/program files (x86)/atmel/studio/7.0/toolchain/arm/arm-gnu-toolchain/bin/../lib/gcc/arm-none-eabi/5.3.1/../../../../arm-none-eabi/lib/armv7e-m\libc.a(lib_a-mprec.o)
__muldf3                                          c:/program files (x86)/atmel/studio/7.0/toolchain/arm/arm-gnu-toolchain/bin/../lib/gcc/arm-none-eabi/5.3.1/armv7e-m\libgcc.a(_arm_muldivdf3.o)
__multadd                                         c:/program files (x86)/atmel/studio/7.0/toolchain/arm/arm-gnu-toolchain/bin/../lib/gcc/arm-none-eabi/5.3.1/../../../../arm-none-eabi/lib/armv7e-m\libc.a(lib_a-mprec.o)
                                                  c:/program files (x86)/atmel/studio/7.0/toolchain/arm/arm-gnu-toolchain/bin/../lib/gcc/arm-none-eabi/5.3.1/../../../../arm-none-eabi/lib/armv7e-m\libc.a(lib_a-dtoa.o)
__multiply                                        c:/program files (x86)/atmel/studio/7.0/toolchain/arm/arm-gnu-toolchain/bin/../lib/gcc/arm-none-eabi/5.3.1/../../../../arm-none-eabi/lib/armv7e-m\libc.a(lib_a-mprec.o)
                                                  c:/program files (x86)/atmel/studio/7.0/toolchain/arm/arm-gnu-toolchain/bin/../lib/gcc/arm-none-eabi/5.3.1/../../../../arm-none-eabi/lib/armv7e-m\libc.a(lib_a-dtoa.o)
__nedf2                                           c:/program files (x86)/atmel/studio/7.0/toolchain/arm/arm-gnu-toolchain/bin/../lib/gcc/arm-none-eabi/5.3.1/armv7e-m\libgcc.a(_arm_cmpdf2.o)
__nlocale_changed                                 c:/program files (x86)/atmel/studio/7.0/toolchain/arm/arm-gnu-toolchain/bin/../lib/gcc/arm-none-eabi/5.3.1/../../../../arm-none-eabi/lib/armv7e-m\libc.a(lib_a-locale.o)
__pow5mult                                        c:/program files (x86)/atmel/studio/7.0/toolchain/arm/arm-gnu-toolchain/bin/../lib/gcc/arm-none-eabi/5.3.1/../../../../arm-none-eabi/lib/armv7e-m\libc.a(lib_a-mprec.o)
                                                  c:/program files (x86)/atmel/studio/7.0/toolchain/arm/arm-gnu-toolchain/bin/../lib/gcc/arm-none-eabi/5.3.1/../../../../arm-none-eabi/lib/armv7e-m\libc.a(lib_a-dtoa.o)
__preinit_array_end                               c:/program files (x86)/atmel/studio/7.0/toolchain/arm/arm-gnu-toolchain/bin/../lib/gcc/arm-none-eabi/5.3.1/../../../../arm-none-eabi/lib/armv7e-m\libc.a(lib_a-init.o)
__preinit_array_start                             c:/program files (x86)/atmel/studio/7.0/toolchain/arm/arm-gnu-toolchain/bin/../lib/gcc/arm-none-eabi/5.3.1/../../../../arm-none-eabi/lib/armv7e-m\libc.a(lib_a-init.o)
__ram_end__                                       src/ASF/sam/utils/syscalls/gcc/syscalls.o
__ratio                                           c:/program files (x86)/atmel/studio/7.0/toolchain/arm/arm-gnu-toolchain/bin/../lib/gcc/arm-none-eabi/5.3.1/../../../../arm-none-eabi/lib/armv7e-m\libc.a(lib_a-mprec.o)
__register_exitproc                               c:/program files (x86)/atmel/studio/7.0/toolchain/arm/arm-gnu-toolchain/bin/../lib/gcc/arm-none-eabi/5.3.1/../../../../arm-none-eabi/lib/armv7e-m\libc.a(lib_a-__atexit.o)